
==========================================================================
global place report_tns
--------------------------------------------------------------------------
tns max 0.00

==========================================================================
global place report_wns
--------------------------------------------------------------------------
wns max 0.00

==========================================================================
global place report_worst_slack
--------------------------------------------------------------------------
worst slack max 0.21

==========================================================================
global place report_clock_min_period
--------------------------------------------------------------------------
clk period_min = 0.89 fmax = 1117.84

==========================================================================
global place report_checks -path_delay min
--------------------------------------------------------------------------
Startpoint: match_d$_SDFF_PP0_ (rising edge-triggered flip-flop clocked by clk)
Endpoint: detected$_SDFF_PP0_ (rising edge-triggered flip-flop clocked by clk)
Path Group: clk
Path Type: min

Fanout     Cap    Slew   Delay    Time   Description
-----------------------------------------------------------------------------
                  0.00    0.00    0.00   clock clk (rise edge)
                          0.00    0.00   clock network delay (ideal)
                  0.00    0.00    0.00 ^ match_d$_SDFF_PP0_/CLK (sky130_fd_sc_hd__dfxtp_1)
     1    0.00    0.04    0.28    0.28 ^ match_d$_SDFF_PP0_/Q (sky130_fd_sc_hd__dfxtp_1)
                                         match_d (net)
                  0.04    0.00    0.28 ^ _08_/B (sky130_fd_sc_hd__and2b_2)
     1    0.00    0.03    0.12    0.40 ^ _08_/X (sky130_fd_sc_hd__and2b_2)
                                         _02_ (net)
                  0.03    0.00    0.40 ^ detected$_SDFF_PP0_/D (sky130_fd_sc_hd__dfxtp_1)
                                  0.40   data arrival time

                  0.00    0.00    0.00   clock clk (rise edge)
                          0.00    0.00   clock network delay (ideal)
                          0.00    0.00   clock reconvergence pessimism
                                  0.00 ^ detected$_SDFF_PP0_/CLK (sky130_fd_sc_hd__dfxtp_1)
                         -0.03   -0.03   library hold time
                                 -0.03   data required time
-----------------------------------------------------------------------------
                                 -0.03   data required time
                                 -0.40   data arrival time
-----------------------------------------------------------------------------
                                  0.44   slack (MET)



==========================================================================
global place report_checks -path_delay max
--------------------------------------------------------------------------
Startpoint: reset (input port clocked by clk)
Endpoint: match_d$_SDFF_PP0_ (rising edge-triggered flip-flop clocked by clk)
Path Group: clk
Path Type: max

Fanout     Cap    Slew   Delay    Time   Description
-----------------------------------------------------------------------------
                  0.00    0.00    0.00   clock clk (rise edge)
                          0.00    0.00   clock network delay (ideal)
                          0.00    0.00 ^ input external delay
     1    0.00    0.00    0.00    0.00 ^ reset (in)
                                         reset (net)
                  0.00    0.00    0.00 ^ input2/A (sky130_fd_sc_hd__clkdlybuf4s50_1)
     4    0.02    0.16    0.54    0.54 ^ input2/X (sky130_fd_sc_hd__clkdlybuf4s50_1)
                                         net2 (net)
                  0.16    0.00    0.54 ^ _06_/A (sky130_fd_sc_hd__nor2b_2)
     2    0.01    0.05    0.07    0.61 v _06_/Y (sky130_fd_sc_hd__nor2b_2)
                                         _00_ (net)
                  0.05    0.00    0.61 v _11_/B (sky130_fd_sc_hd__and3_1)
     1    0.00    0.04    0.16    0.78 v _11_/X (sky130_fd_sc_hd__and3_1)
                                         _04_ (net)
                  0.04    0.00    0.78 v match_d$_SDFF_PP0_/D (sky130_fd_sc_hd__dfxtp_1)
                                  0.78   data arrival time

                  0.00    1.10    1.10   clock clk (rise edge)
                          0.00    1.10   clock network delay (ideal)
                          0.00    1.10   clock reconvergence pessimism
                                  1.10 ^ match_d$_SDFF_PP0_/CLK (sky130_fd_sc_hd__dfxtp_1)
                         -0.12    0.98   library setup time
                                  0.98   data required time
-----------------------------------------------------------------------------
                                  0.98   data required time
                                 -0.78   data arrival time
-----------------------------------------------------------------------------
                                  0.21   slack (MET)



==========================================================================
global place report_checks -unconstrained
--------------------------------------------------------------------------
Startpoint: reset (input port clocked by clk)
Endpoint: match_d$_SDFF_PP0_ (rising edge-triggered flip-flop clocked by clk)
Path Group: clk
Path Type: max

Fanout     Cap    Slew   Delay    Time   Description
-----------------------------------------------------------------------------
                  0.00    0.00    0.00   clock clk (rise edge)
                          0.00    0.00   clock network delay (ideal)
                          0.00    0.00 ^ input external delay
     1    0.00    0.00    0.00    0.00 ^ reset (in)
                                         reset (net)
                  0.00    0.00    0.00 ^ input2/A (sky130_fd_sc_hd__clkdlybuf4s50_1)
     4    0.02    0.16    0.54    0.54 ^ input2/X (sky130_fd_sc_hd__clkdlybuf4s50_1)
                                         net2 (net)
                  0.16    0.00    0.54 ^ _06_/A (sky130_fd_sc_hd__nor2b_2)
     2    0.01    0.05    0.07    0.61 v _06_/Y (sky130_fd_sc_hd__nor2b_2)
                                         _00_ (net)
                  0.05    0.00    0.61 v _11_/B (sky130_fd_sc_hd__and3_1)
     1    0.00    0.04    0.16    0.78 v _11_/X (sky130_fd_sc_hd__and3_1)
                                         _04_ (net)
                  0.04    0.00    0.78 v match_d$_SDFF_PP0_/D (sky130_fd_sc_hd__dfxtp_1)
                                  0.78   data arrival time

                  0.00    1.10    1.10   clock clk (rise edge)
                          0.00    1.10   clock network delay (ideal)
                          0.00    1.10   clock reconvergence pessimism
                                  1.10 ^ match_d$_SDFF_PP0_/CLK (sky130_fd_sc_hd__dfxtp_1)
                         -0.12    0.98   library setup time
                                  0.98   data required time
-----------------------------------------------------------------------------
                                  0.98   data required time
                                 -0.78   data arrival time
-----------------------------------------------------------------------------
                                  0.21   slack (MET)



==========================================================================
global place report_power
--------------------------------------------------------------------------
Group                  Internal  Switching    Leakage      Total
                          Power      Power      Power      Power (Watts)
----------------------------------------------------------------
Sequential             1.91e-04   1.35e-06   4.09e-11   1.92e-04  91.5%
Combinational          1.26e-05   5.26e-06   3.75e-11   1.79e-05   8.5%
Clock                  0.00e+00   0.00e+00   0.00e+00   0.00e+00   0.0%
Macro                  0.00e+00   0.00e+00   0.00e+00   0.00e+00   0.0%
Pad                    0.00e+00   0.00e+00   0.00e+00   0.00e+00   0.0%
----------------------------------------------------------------
Total                  2.04e-04   6.61e-06   7.84e-11   2.10e-04 100.0%
                          96.9%       3.1%       0.0%
