
==========================================================================
finish report_tns
--------------------------------------------------------------------------
tns max 0.00

==========================================================================
finish report_wns
--------------------------------------------------------------------------
wns max 0.00

==========================================================================
finish report_worst_slack
--------------------------------------------------------------------------
worst slack max 0.12

==========================================================================
finish report_clock_min_period
--------------------------------------------------------------------------
clk period_min = 0.98 fmax = 1024.77

==========================================================================
finish report_clock_skew
--------------------------------------------------------------------------
Clock clk
   0.24 source latency shift_reg[2]$_SDFF_PP0_/CLK ^
  -0.23 target latency match_d$_SDFF_PP0_/CLK ^
   0.00 CRPR
--------------
   0.00 setup skew


==========================================================================
finish report_checks -path_delay min
--------------------------------------------------------------------------
Startpoint: data_in (input port clocked by clk)
Endpoint: match_d$_SDFF_PP0_ (rising edge-triggered flip-flop clocked by clk)
Path Group: clk
Path Type: min

Fanout     Cap    Slew   Delay    Time   Description
-----------------------------------------------------------------------------
                          0.00    0.00   clock clk (rise edge)
                          0.00    0.00   clock network delay (propagated)
                          0.00    0.00 v input external delay
     1    0.00    0.00    0.00    0.00 v data_in (in)
                                         data_in (net)
                  0.00    0.00    0.00 v input1/A (sky130_fd_sc_hd__clkdlybuf4s50_1)
     2    0.00    0.06    0.41    0.41 v input1/X (sky130_fd_sc_hd__clkdlybuf4s50_1)
                                         net1 (net)
                  0.06    0.00    0.41 v _11_/A (sky130_fd_sc_hd__and3_1)
     1    0.00    0.03    0.14    0.55 v _11_/X (sky130_fd_sc_hd__and3_1)
                                         _04_ (net)
                  0.03    0.00    0.55 v match_d$_SDFF_PP0_/D (sky130_fd_sc_hd__dfxtp_1)
                                  0.55   data arrival time

                          0.00    0.00   clock clk (rise edge)
                          0.00    0.00   clock source latency
     1    0.00    0.00    0.00    0.00 ^ clk (in)
                                         clk (net)
                  0.00    0.00    0.00 ^ clkbuf_0_clk/A (sky130_fd_sc_hd__clkbuf_4)
     2    0.01    0.04    0.11    0.11 ^ clkbuf_0_clk/X (sky130_fd_sc_hd__clkbuf_4)
                                         clknet_0_clk (net)
                  0.04    0.00    0.11 ^ clkbuf_1_1__f_clk/A (sky130_fd_sc_hd__clkbuf_4)
     3    0.01    0.04    0.13    0.23 ^ clkbuf_1_1__f_clk/X (sky130_fd_sc_hd__clkbuf_4)
                                         clknet_1_1__leaf_clk (net)
                  0.04    0.00    0.23 ^ match_d$_SDFF_PP0_/CLK (sky130_fd_sc_hd__dfxtp_1)
                          0.00    0.23   clock reconvergence pessimism
                         -0.05    0.19   library hold time
                                  0.19   data required time
-----------------------------------------------------------------------------
                                  0.19   data required time
                                 -0.55   data arrival time
-----------------------------------------------------------------------------
                                  0.36   slack (MET)



==========================================================================
finish report_checks -path_delay max
--------------------------------------------------------------------------
Startpoint: detected$_SDFF_PP0_ (rising edge-triggered flip-flop clocked by clk)
Endpoint: detected (output port clocked by clk)
Path Group: clk
Path Type: max

Fanout     Cap    Slew   Delay    Time   Description
-----------------------------------------------------------------------------
                          0.00    0.00   clock clk (rise edge)
                          0.00    0.00   clock source latency
     1    0.00    0.00    0.00    0.00 ^ clk (in)
                                         clk (net)
                  0.00    0.00    0.00 ^ clkbuf_0_clk/A (sky130_fd_sc_hd__clkbuf_4)
     2    0.01    0.04    0.11    0.11 ^ clkbuf_0_clk/X (sky130_fd_sc_hd__clkbuf_4)
                                         clknet_0_clk (net)
                  0.04    0.00    0.11 ^ clkbuf_1_1__f_clk/A (sky130_fd_sc_hd__clkbuf_4)
     3    0.01    0.04    0.13    0.23 ^ clkbuf_1_1__f_clk/X (sky130_fd_sc_hd__clkbuf_4)
                                         clknet_1_1__leaf_clk (net)
                  0.04    0.00    0.23 ^ detected$_SDFF_PP0_/CLK (sky130_fd_sc_hd__dfxtp_1)
     1    0.00    0.04    0.30    0.53 ^ detected$_SDFF_PP0_/Q (sky130_fd_sc_hd__dfxtp_1)
                                         net3 (net)
                  0.04    0.00    0.53 ^ output3/A (sky130_fd_sc_hd__clkdlybuf4s50_1)
     1    0.00    0.03    0.45    0.98 ^ output3/X (sky130_fd_sc_hd__clkdlybuf4s50_1)
                                         detected (net)
                  0.03    0.00    0.98 ^ detected (out)
                                  0.98   data arrival time

                          1.10    1.10   clock clk (rise edge)
                          0.00    1.10   clock network delay (propagated)
                          0.00    1.10   clock reconvergence pessimism
                          0.00    1.10   output external delay
                                  1.10   data required time
-----------------------------------------------------------------------------
                                  1.10   data required time
                                 -0.98   data arrival time
-----------------------------------------------------------------------------
                                  0.12   slack (MET)



==========================================================================
finish report_checks -unconstrained
--------------------------------------------------------------------------
Startpoint: detected$_SDFF_PP0_ (rising edge-triggered flip-flop clocked by clk)
Endpoint: detected (output port clocked by clk)
Path Group: clk
Path Type: max

Fanout     Cap    Slew   Delay    Time   Description
-----------------------------------------------------------------------------
                          0.00    0.00   clock clk (rise edge)
                          0.00    0.00   clock source latency
     1    0.00    0.00    0.00    0.00 ^ clk (in)
                                         clk (net)
                  0.00    0.00    0.00 ^ clkbuf_0_clk/A (sky130_fd_sc_hd__clkbuf_4)
     2    0.01    0.04    0.11    0.11 ^ clkbuf_0_clk/X (sky130_fd_sc_hd__clkbuf_4)
                                         clknet_0_clk (net)
                  0.04    0.00    0.11 ^ clkbuf_1_1__f_clk/A (sky130_fd_sc_hd__clkbuf_4)
     3    0.01    0.04    0.13    0.23 ^ clkbuf_1_1__f_clk/X (sky130_fd_sc_hd__clkbuf_4)
                                         clknet_1_1__leaf_clk (net)
                  0.04    0.00    0.23 ^ detected$_SDFF_PP0_/CLK (sky130_fd_sc_hd__dfxtp_1)
     1    0.00    0.04    0.30    0.53 ^ detected$_SDFF_PP0_/Q (sky130_fd_sc_hd__dfxtp_1)
                                         net3 (net)
                  0.04    0.00    0.53 ^ output3/A (sky130_fd_sc_hd__clkdlybuf4s50_1)
     1    0.00    0.03    0.45    0.98 ^ output3/X (sky130_fd_sc_hd__clkdlybuf4s50_1)
                                         detected (net)
                  0.03    0.00    0.98 ^ detected (out)
                                  0.98   data arrival time

                          1.10    1.10   clock clk (rise edge)
                          0.00    1.10   clock network delay (propagated)
                          0.00    1.10   clock reconvergence pessimism
                          0.00    1.10   output external delay
                                  1.10   data required time
-----------------------------------------------------------------------------
                                  1.10   data required time
                                 -0.98   data arrival time
-----------------------------------------------------------------------------
                                  0.12   slack (MET)



==========================================================================
finish report_check_types -max_slew -max_cap -max_fanout -violators
--------------------------------------------------------------------------

==========================================================================
finish max_slew_check_slack
--------------------------------------------------------------------------
1.3538590669631958

==========================================================================
finish max_slew_check_limit
--------------------------------------------------------------------------
1.4953149557113647

==========================================================================
finish max_slew_check_slack_limit
--------------------------------------------------------------------------
0.9054

==========================================================================
finish max_fanout_check_slack
--------------------------------------------------------------------------
1.0000000150474662e+30

==========================================================================
finish max_fanout_check_limit
--------------------------------------------------------------------------
1.0000000150474662e+30

==========================================================================
finish max_capacitance_check_slack
--------------------------------------------------------------------------
0.08192482590675354

==========================================================================
finish max_capacitance_check_limit
--------------------------------------------------------------------------
0.0860700011253357

==========================================================================
finish max_capacitance_check_slack_limit
--------------------------------------------------------------------------
0.9518

==========================================================================
finish max_slew_violation_count
--------------------------------------------------------------------------
max slew violation count 0

==========================================================================
finish max_fanout_violation_count
--------------------------------------------------------------------------
max fanout violation count 0

==========================================================================
finish max_cap_violation_count
--------------------------------------------------------------------------
max cap violation count 0

==========================================================================
finish setup_violation_count
--------------------------------------------------------------------------
setup violation count 0

==========================================================================
finish hold_violation_count
--------------------------------------------------------------------------
hold violation count 0

==========================================================================
finish report_checks -path_delay max reg to reg
--------------------------------------------------------------------------
Startpoint: shift_reg[0]$_SDFF_PP0_
            (rising edge-triggered flip-flop clocked by clk)
Endpoint: match_d$_SDFF_PP0_ (rising edge-triggered flip-flop clocked by clk)
Path Group: clk
Path Type: max

  Delay    Time   Description
---------------------------------------------------------
   0.00    0.00   clock clk (rise edge)
   0.00    0.00   clock source latency
   0.00    0.00 ^ clk (in)
   0.11    0.11 ^ clkbuf_0_clk/X (sky130_fd_sc_hd__clkbuf_4)
   0.13    0.24 ^ clkbuf_1_0__f_clk/X (sky130_fd_sc_hd__clkbuf_4)
   0.00    0.24 ^ shift_reg[0]$_SDFF_PP0_/CLK (sky130_fd_sc_hd__dfxtp_1)
   0.29    0.52 v shift_reg[0]$_SDFF_PP0_/Q (sky130_fd_sc_hd__dfxtp_1)
   0.15    0.67 v _06_/Y (sky130_fd_sc_hd__nor2b_2)
   0.15    0.82 v _11_/X (sky130_fd_sc_hd__and3_1)
   0.00    0.82 v match_d$_SDFF_PP0_/D (sky130_fd_sc_hd__dfxtp_1)
           0.82   data arrival time

   1.10    1.10   clock clk (rise edge)
   0.00    1.10   clock source latency
   0.00    1.10 ^ clk (in)
   0.11    1.21 ^ clkbuf_0_clk/X (sky130_fd_sc_hd__clkbuf_4)
   0.13    1.33 ^ clkbuf_1_1__f_clk/X (sky130_fd_sc_hd__clkbuf_4)
   0.00    1.33 ^ match_d$_SDFF_PP0_/CLK (sky130_fd_sc_hd__dfxtp_1)
   0.00    1.33   clock reconvergence pessimism
  -0.11    1.23   library setup time
           1.23   data required time
---------------------------------------------------------
           1.23   data required time
          -0.82   data arrival time
---------------------------------------------------------
           0.41   slack (MET)



==========================================================================
finish report_checks -path_delay min reg to reg
--------------------------------------------------------------------------
Startpoint: match_d$_SDFF_PP0_ (rising edge-triggered flip-flop clocked by clk)
Endpoint: detected$_SDFF_PP0_ (rising edge-triggered flip-flop clocked by clk)
Path Group: clk
Path Type: min

  Delay    Time   Description
---------------------------------------------------------
   0.00    0.00   clock clk (rise edge)
   0.00    0.00   clock source latency
   0.00    0.00 ^ clk (in)
   0.11    0.11 ^ clkbuf_0_clk/X (sky130_fd_sc_hd__clkbuf_4)
   0.13    0.23 ^ clkbuf_1_1__f_clk/X (sky130_fd_sc_hd__clkbuf_4)
   0.00    0.23 ^ match_d$_SDFF_PP0_/CLK (sky130_fd_sc_hd__dfxtp_1)
   0.29    0.53 ^ match_d$_SDFF_PP0_/Q (sky130_fd_sc_hd__dfxtp_1)
   0.12    0.65 ^ _08_/X (sky130_fd_sc_hd__and2b_2)
   0.00    0.65 ^ detected$_SDFF_PP0_/D (sky130_fd_sc_hd__dfxtp_1)
           0.65   data arrival time

   0.00    0.00   clock clk (rise edge)
   0.00    0.00   clock source latency
   0.00    0.00 ^ clk (in)
   0.11    0.11 ^ clkbuf_0_clk/X (sky130_fd_sc_hd__clkbuf_4)
   0.13    0.23 ^ clkbuf_1_1__f_clk/X (sky130_fd_sc_hd__clkbuf_4)
   0.00    0.23 ^ detected$_SDFF_PP0_/CLK (sky130_fd_sc_hd__dfxtp_1)
   0.00    0.23   clock reconvergence pessimism
  -0.03    0.21   library hold time
           0.21   data required time
---------------------------------------------------------
           0.21   data required time
          -0.65   data arrival time
---------------------------------------------------------
           0.44   slack (MET)



==========================================================================
finish critical path target clock latency max path
--------------------------------------------------------------------------
0.2346

==========================================================================
finish critical path target clock latency min path
--------------------------------------------------------------------------
0.2346

==========================================================================
finish critical path source clock latency min path
--------------------------------------------------------------------------
0.0000

==========================================================================
finish critical path delay
--------------------------------------------------------------------------
0.9758

==========================================================================
finish critical path slack
--------------------------------------------------------------------------
0.1242

==========================================================================
finish slack div critical path delay
--------------------------------------------------------------------------
12.728018

==========================================================================
finish report_power
--------------------------------------------------------------------------
Group                  Internal  Switching    Leakage      Total
                          Power      Power      Power      Power (Watts)
----------------------------------------------------------------
Sequential             1.88e-04   1.40e-06   4.09e-11   1.89e-04  45.6%
Combinational          1.26e-05   4.80e-06   3.75e-11   1.74e-05   4.2%
Clock                  1.37e-04   7.11e-05   1.50e-11   2.08e-04  50.2%
Macro                  0.00e+00   0.00e+00   0.00e+00   0.00e+00   0.0%
Pad                    0.00e+00   0.00e+00   0.00e+00   0.00e+00   0.0%
----------------------------------------------------------------
Total                  3.37e-04   7.73e-05   9.34e-11   4.15e-04 100.0%
                          81.3%      18.7%       0.0%
