#! /usr/bin/vvp
:ivl_version "11.0 (stable)";
:ivl_delay_selection "TYPICAL";
:vpi_time_precision - 12;
:vpi_module "/usr/lib/x86_64-linux-gnu/ivl/system.vpi";
:vpi_module "/usr/lib/x86_64-linux-gnu/ivl/vhdl_sys.vpi";
:vpi_module "/usr/lib/x86_64-linux-gnu/ivl/vhdl_textio.vpi";
:vpi_module "/usr/lib/x86_64-linux-gnu/ivl/v2005_math.vpi";
:vpi_module "/usr/lib/x86_64-linux-gnu/ivl/va_math.vpi";
S_0x5996dfeaafe0 .scope module, "tb" "tb" 2 3;
 .timescale -9 -12;
v0x5996dfec2a00_0 .var "clk", 0 0;
v0x5996dfec2ac0_0 .var "data_in", 0 0;
v0x5996dfec2b60_0 .net "detected", 0 0, v0x5996dfe94f40_0;  1 drivers
v0x5996dfec2c00_0 .var "expected_output", 15 0;
v0x5996dfec2ca0_0 .var/i "i", 31 0;
v0x5996dfec2d90_0 .var "reset", 0 0;
v0x5996dfec2e30_0 .var "sample_input", 15 0;
S_0x5996dfeab170 .scope module, "dut" "seq_detector_0011" 2 13, 3 1 0, S_0x5996dfeaafe0;
 .timescale 0 0;
    .port_info 0 /INPUT 1 "clk";
    .port_info 1 /INPUT 1 "reset";
    .port_info 2 /INPUT 1 "data_in";
    .port_info 3 /OUTPUT 1 "detected";
P_0x5996dfe93dd0 .param/l "S_0" 1 3 11, C4<01>;
P_0x5996dfe93e10 .param/l "S_00" 1 3 12, C4<10>;
P_0x5996dfe93e50 .param/l "S_001" 1 3 13, C4<11>;
P_0x5996dfe93e90 .param/l "S_IDLE" 1 3 10, C4<00>;
v0x5996dfe94730_0 .net "clk", 0 0, v0x5996dfec2a00_0;  1 drivers
v0x5996dfe948f0_0 .net "data_in", 0 0, v0x5996dfec2ac0_0;  1 drivers
v0x5996dfe94f40_0 .var "detected", 0 0;
v0x5996dfec2790_0 .net "reset", 0 0, v0x5996dfec2d90_0;  1 drivers
v0x5996dfec2850_0 .var "state", 1 0;
E_0x5996dfea4f90 .event posedge, v0x5996dfe94730_0;
    .scope S_0x5996dfeab170;
T_0 ;
    %wait E_0x5996dfea4f90;
    %load/vec4 v0x5996dfec2790_0;
    %flag_set/vec4 8;
    %jmp/0xz  T_0.0, 8;
    %pushi/vec4 0, 0, 2;
    %assign/vec4 v0x5996dfec2850_0, 0;
    %pushi/vec4 0, 0, 1;
    %assign/vec4 v0x5996dfe94f40_0, 0;
    %jmp T_0.1;
T_0.0 ;
    %pushi/vec4 0, 0, 1;
    %assign/vec4 v0x5996dfe94f40_0, 0;
    %load/vec4 v0x5996dfec2850_0;
    %dup/vec4;
    %pushi/vec4 0, 0, 2;
    %cmp/u;
    %jmp/1 T_0.2, 6;
    %dup/vec4;
    %pushi/vec4 1, 0, 2;
    %cmp/u;
    %jmp/1 T_0.3, 6;
    %dup/vec4;
    %pushi/vec4 2, 0, 2;
    %cmp/u;
    %jmp/1 T_0.4, 6;
    %dup/vec4;
    %pushi/vec4 3, 0, 2;
    %cmp/u;
    %jmp/1 T_0.5, 6;
    %pushi/vec4 0, 0, 2;
    %assign/vec4 v0x5996dfec2850_0, 0;
    %pushi/vec4 0, 0, 1;
    %assign/vec4 v0x5996dfe94f40_0, 0;
    %jmp T_0.7;
T_0.2 ;
    %load/vec4 v0x5996dfe948f0_0;
    %cmpi/e 0, 0, 1;
    %jmp/0xz  T_0.8, 4;
    %pushi/vec4 1, 0, 2;
    %assign/vec4 v0x5996dfec2850_0, 0;
    %jmp T_0.9;
T_0.8 ;
    %pushi/vec4 0, 0, 2;
    %assign/vec4 v0x5996dfec2850_0, 0;
T_0.9 ;
    %jmp T_0.7;
T_0.3 ;
    %load/vec4 v0x5996dfe948f0_0;
    %cmpi/e 0, 0, 1;
    %jmp/0xz  T_0.10, 4;
    %pushi/vec4 2, 0, 2;
    %assign/vec4 v0x5996dfec2850_0, 0;
    %jmp T_0.11;
T_0.10 ;
    %pushi/vec4 0, 0, 2;
    %assign/vec4 v0x5996dfec2850_0, 0;
T_0.11 ;
    %jmp T_0.7;
T_0.4 ;
    %load/vec4 v0x5996dfe948f0_0;
    %cmpi/e 1, 0, 1;
    %jmp/0xz  T_0.12, 4;
    %pushi/vec4 3, 0, 2;
    %assign/vec4 v0x5996dfec2850_0, 0;
    %jmp T_0.13;
T_0.12 ;
    %pushi/vec4 2, 0, 2;
    %assign/vec4 v0x5996dfec2850_0, 0;
T_0.13 ;
    %jmp T_0.7;
T_0.5 ;
    %load/vec4 v0x5996dfe948f0_0;
    %cmpi/e 1, 0, 1;
    %jmp/0xz  T_0.14, 4;
    %pushi/vec4 1, 0, 1;
    %assign/vec4 v0x5996dfe94f40_0, 0;
    %pushi/vec4 0, 0, 2;
    %assign/vec4 v0x5996dfec2850_0, 0;
    %jmp T_0.15;
T_0.14 ;
    %pushi/vec4 1, 0, 2;
    %assign/vec4 v0x5996dfec2850_0, 0;
T_0.15 ;
    %jmp T_0.7;
T_0.7 ;
    %pop/vec4 1;
T_0.1 ;
    %jmp T_0;
    .thread T_0;
    .scope S_0x5996dfeaafe0;
T_1 ;
    %delay 5000, 0;
    %load/vec4 v0x5996dfec2a00_0;
    %inv;
    %store/vec4 v0x5996dfec2a00_0, 0, 1;
    %jmp T_1;
    .thread T_1;
    .scope S_0x5996dfeaafe0;
T_2 ;
    %pushi/vec4 0, 0, 1;
    %store/vec4 v0x5996dfec2a00_0, 0, 1;
    %pushi/vec4 1, 0, 1;
    %store/vec4 v0x5996dfec2d90_0, 0, 1;
    %pushi/vec4 0, 0, 1;
    %store/vec4 v0x5996dfec2ac0_0, 0, 1;
    %pushi/vec4 6578, 0, 16;
    %store/vec4 v0x5996dfec2e30_0, 0, 16;
    %pushi/vec4 1088, 0, 16;
    %store/vec4 v0x5996dfec2c00_0, 0, 16;
    %wait E_0x5996dfea4f90;
    %wait E_0x5996dfea4f90;
    %pushi/vec4 0, 0, 1;
    %store/vec4 v0x5996dfec2d90_0, 0, 1;
    %pushi/vec4 15, 0, 32;
    %store/vec4 v0x5996dfec2ca0_0, 0, 32;
T_2.0 ;
    %load/vec4 v0x5996dfec2ca0_0;
    %cmpi/s 0, 0, 32;
    %flag_inv 5; GE is !LT
    %jmp/0xz T_2.1, 5;
    %load/vec4 v0x5996dfec2e30_0;
    %load/vec4 v0x5996dfec2ca0_0;
    %part/s 1;
    %store/vec4 v0x5996dfec2ac0_0, 0, 1;
    %wait E_0x5996dfea4f90;
    %load/vec4 v0x5996dfec2b60_0;
    %load/vec4 v0x5996dfec2c00_0;
    %load/vec4 v0x5996dfec2ca0_0;
    %part/s 1;
    %cmp/ne;
    %jmp/0xz  T_2.2, 6;
    %pushi/vec4 15, 0, 32;
    %load/vec4 v0x5996dfec2ca0_0;
    %sub;
    %vpi_call 2 37 "$display", "FAIL cycle %0d: data_in=%b detected=%b expected=%b", S<0,vec4,s32>, &PV<v0x5996dfec2e30_0, v0x5996dfec2ca0_0, 1>, v0x5996dfec2b60_0, &PV<v0x5996dfec2c00_0, v0x5996dfec2ca0_0, 1> {1 0 0};
    %vpi_call 2 44 "$finish", 32'sb00000000000000000000000000000001 {0 0 0};
T_2.2 ;
    %load/vec4 v0x5996dfec2ca0_0;
    %subi 1, 0, 32;
    %store/vec4 v0x5996dfec2ca0_0, 0, 32;
    %jmp T_2.0;
T_2.1 ;
    %vpi_call 2 48 "$display", "PASS" {0 0 0};
    %vpi_call 2 49 "$finish" {0 0 0};
    %end;
    .thread T_2;
# The file index is used to find the file name in the following table.
:file_names 4;
    "N/A";
    "<interactive>";
    "tb/tb.v";
    "rtl/design.v";
