
==========================================================================
floorplan final report_tns
--------------------------------------------------------------------------
tns max 0.00

==========================================================================
floorplan final report_wns
--------------------------------------------------------------------------
wns max 0.00

==========================================================================
floorplan final report_worst_slack
--------------------------------------------------------------------------
worst slack max 2.74

==========================================================================
floorplan final report_clock_min_period
--------------------------------------------------------------------------
clk period_min = 1.76 fmax = 568.14

==========================================================================
floorplan final report_checks -path_delay min
--------------------------------------------------------------------------
Startpoint: exp_out[6]$_SDFFE_PP0P_
            (rising edge-triggered flip-flop clocked by clk)
Endpoint: exp_out[6]$_SDFFE_PP0P_
          (rising edge-triggered flip-flop clocked by clk)
Path Group: clk
Path Type: min

Fanout     Cap    Slew   Delay    Time   Description
-----------------------------------------------------------------------------
                  0.00    0.00    0.00   clock clk (rise edge)
                          0.00    0.00   clock network delay (ideal)
                  0.00    0.00    0.00 ^ exp_out[6]$_SDFFE_PP0P_/CLK (sky130_fd_sc_hd__dfxtp_1)
     2    0.00    0.03    0.27    0.27 v exp_out[6]$_SDFFE_PP0P_/Q (sky130_fd_sc_hd__dfxtp_1)
                                         exp_out[6] (net)
                  0.03    0.00    0.27 v _490_/B (sky130_fd_sc_hd__nand2b_1)
     1    0.00    0.05    0.05    0.33 ^ _490_/Y (sky130_fd_sc_hd__nand2b_1)
                                         _024_ (net)
                  0.05    0.00    0.33 ^ _520_/A1 (sky130_fd_sc_hd__a21oi_1)
     1    0.00    0.03    0.05    0.37 v _520_/Y (sky130_fd_sc_hd__a21oi_1)
                                         _002_ (net)
                  0.03    0.00    0.37 v exp_out[6]$_SDFFE_PP0P_/D (sky130_fd_sc_hd__dfxtp_1)
                                  0.37   data arrival time

                  0.00    0.00    0.00   clock clk (rise edge)
                          0.00    0.00   clock network delay (ideal)
                          0.00    0.00   clock reconvergence pessimism
                                  0.00 ^ exp_out[6]$_SDFFE_PP0P_/CLK (sky130_fd_sc_hd__dfxtp_1)
                         -0.06   -0.06   library hold time
                                 -0.06   data required time
-----------------------------------------------------------------------------
                                 -0.06   data required time
                                 -0.37   data arrival time
-----------------------------------------------------------------------------
                                  0.43   slack (MET)



==========================================================================
floorplan final report_checks -path_delay max
--------------------------------------------------------------------------
Startpoint: enable (input port clocked by clk)
Endpoint: stage1_x[0]$_SDFFE_PP0P_
          (rising edge-triggered flip-flop clocked by clk)
Path Group: clk
Path Type: max

Fanout     Cap    Slew   Delay    Time   Description
-----------------------------------------------------------------------------
                  0.00    0.00    0.00   clock clk (rise edge)
                          0.00    0.00   clock network delay (ideal)
                          1.00    1.00 ^ input external delay
     1    0.00    0.00    0.00    1.00 ^ enable (in)
                                         enable (net)
                  0.00    0.00    1.00 ^ _844_/A (sky130_fd_sc_hd__clkbuf_1)
     9    0.04    0.47    0.36    1.36 ^ _844_/X (sky130_fd_sc_hd__clkbuf_1)
                                         _371_ (net)
                  0.47    0.00    1.36 ^ _857_/S (sky130_fd_sc_hd__mux2i_1)
     1    0.00    0.11    0.23    1.59 ^ _857_/Y (sky130_fd_sc_hd__mux2i_1)
                                         _378_ (net)
                  0.11    0.00    1.59 ^ _858_/B (sky130_fd_sc_hd__nor2_1)
     1    0.00    0.06    0.04    1.63 v _858_/Y (sky130_fd_sc_hd__nor2_1)
                                         _015_ (net)
                  0.06    0.00    1.63 v stage1_x[0]$_SDFFE_PP0P_/D (sky130_fd_sc_hd__dfxtp_1)
                                  1.63   data arrival time

                  0.00    4.50    4.50   clock clk (rise edge)
                          0.00    4.50   clock network delay (ideal)
                          0.00    4.50   clock reconvergence pessimism
                                  4.50 ^ stage1_x[0]$_SDFFE_PP0P_/CLK (sky130_fd_sc_hd__dfxtp_1)
                         -0.13    4.37   library setup time
                                  4.37   data required time
-----------------------------------------------------------------------------
                                  4.37   data required time
                                 -1.63   data arrival time
-----------------------------------------------------------------------------
                                  2.74   slack (MET)



==========================================================================
floorplan final report_checks -unconstrained
--------------------------------------------------------------------------
Startpoint: enable (input port clocked by clk)
Endpoint: stage1_x[0]$_SDFFE_PP0P_
          (rising edge-triggered flip-flop clocked by clk)
Path Group: clk
Path Type: max

Fanout     Cap    Slew   Delay    Time   Description
-----------------------------------------------------------------------------
                  0.00    0.00    0.00   clock clk (rise edge)
                          0.00    0.00   clock network delay (ideal)
                          1.00    1.00 ^ input external delay
     1    0.00    0.00    0.00    1.00 ^ enable (in)
                                         enable (net)
                  0.00    0.00    1.00 ^ _844_/A (sky130_fd_sc_hd__clkbuf_1)
     9    0.04    0.47    0.36    1.36 ^ _844_/X (sky130_fd_sc_hd__clkbuf_1)
                                         _371_ (net)
                  0.47    0.00    1.36 ^ _857_/S (sky130_fd_sc_hd__mux2i_1)
     1    0.00    0.11    0.23    1.59 ^ _857_/Y (sky130_fd_sc_hd__mux2i_1)
                                         _378_ (net)
                  0.11    0.00    1.59 ^ _858_/B (sky130_fd_sc_hd__nor2_1)
     1    0.00    0.06    0.04    1.63 v _858_/Y (sky130_fd_sc_hd__nor2_1)
                                         _015_ (net)
                  0.06    0.00    1.63 v stage1_x[0]$_SDFFE_PP0P_/D (sky130_fd_sc_hd__dfxtp_1)
                                  1.63   data arrival time

                  0.00    4.50    4.50   clock clk (rise edge)
                          0.00    4.50   clock network delay (ideal)
                          0.00    4.50   clock reconvergence pessimism
                                  4.50 ^ stage1_x[0]$_SDFFE_PP0P_/CLK (sky130_fd_sc_hd__dfxtp_1)
                         -0.13    4.37   library setup time
                                  4.37   data required time
-----------------------------------------------------------------------------
                                  4.37   data required time
                                 -1.63   data arrival time
-----------------------------------------------------------------------------
                                  2.74   slack (MET)



==========================================================================
floorplan final report_power
--------------------------------------------------------------------------
Group                  Internal  Switching    Leakage      Total
                          Power      Power      Power      Power (Watts)
----------------------------------------------------------------
Sequential             1.82e-04   3.99e-06   1.56e-10   1.86e-04  45.0%
Combinational          1.13e-04   1.13e-04   9.75e-10   2.27e-04  55.0%
Clock                  0.00e+00   0.00e+00   0.00e+00   0.00e+00   0.0%
Macro                  0.00e+00   0.00e+00   0.00e+00   0.00e+00   0.0%
Pad                    0.00e+00   0.00e+00   0.00e+00   0.00e+00   0.0%
----------------------------------------------------------------
Total                  2.95e-04   1.17e-04   1.13e-09   4.13e-04 100.0%
                          71.6%      28.4%       0.0%
