
==========================================================================
detailed place report_tns
--------------------------------------------------------------------------
tns max 0.00

==========================================================================
detailed place report_wns
--------------------------------------------------------------------------
wns max 0.00

==========================================================================
detailed place report_worst_slack
--------------------------------------------------------------------------
worst slack max 1.96

==========================================================================
detailed place report_clock_min_period
--------------------------------------------------------------------------
clk period_min = 2.54 fmax = 392.99

==========================================================================
detailed place report_checks -path_delay min
--------------------------------------------------------------------------
Startpoint: exp_out[6]$_SDFFE_PP0P_
            (rising edge-triggered flip-flop clocked by clk)
Endpoint: exp_out[6]$_SDFFE_PP0P_
          (rising edge-triggered flip-flop clocked by clk)
Path Group: clk
Path Type: min

Fanout     Cap    Slew   Delay    Time   Description
-----------------------------------------------------------------------------
                  0.00    0.00    0.00   clock clk (rise edge)
                          0.00    0.00   clock network delay (ideal)
                  0.00    0.00    0.00 ^ exp_out[6]$_SDFFE_PP0P_/CLK (sky130_fd_sc_hd__dfxtp_1)
     2    0.01    0.04    0.29    0.29 v exp_out[6]$_SDFFE_PP0P_/Q (sky130_fd_sc_hd__dfxtp_1)
                                         net22 (net)
                  0.04    0.00    0.29 v _490_/B (sky130_fd_sc_hd__nand2b_1)
     1    0.00    0.05    0.06    0.35 ^ _490_/Y (sky130_fd_sc_hd__nand2b_1)
                                         _024_ (net)
                  0.05    0.00    0.35 ^ _520_/A1 (sky130_fd_sc_hd__a21oi_1)
     1    0.00    0.04    0.05    0.40 v _520_/Y (sky130_fd_sc_hd__a21oi_1)
                                         _002_ (net)
                  0.04    0.00    0.40 v exp_out[6]$_SDFFE_PP0P_/D (sky130_fd_sc_hd__dfxtp_1)
                                  0.40   data arrival time

                  0.00    0.00    0.00   clock clk (rise edge)
                          0.00    0.00   clock network delay (ideal)
                          0.00    0.00   clock reconvergence pessimism
                                  0.00 ^ exp_out[6]$_SDFFE_PP0P_/CLK (sky130_fd_sc_hd__dfxtp_1)
                         -0.06   -0.06   library hold time
                                 -0.06   data required time
-----------------------------------------------------------------------------
                                 -0.06   data required time
                                 -0.40   data arrival time
-----------------------------------------------------------------------------
                                  0.46   slack (MET)



==========================================================================
detailed place report_checks -path_delay max
--------------------------------------------------------------------------
Startpoint: stage1_x[3]$_SDFFE_PP0P_
            (rising edge-triggered flip-flop clocked by clk)
Endpoint: exp_out[2]$_SDFFE_PP0P_
          (rising edge-triggered flip-flop clocked by clk)
Path Group: clk
Path Type: max

Fanout     Cap    Slew   Delay    Time   Description
-----------------------------------------------------------------------------
                  0.00    0.00    0.00   clock clk (rise edge)
                          0.00    0.00   clock network delay (ideal)
                  0.00    0.00    0.00 ^ stage1_x[3]$_SDFFE_PP0P_/CLK (sky130_fd_sc_hd__dfxtp_1)
    22    0.07    0.62    0.69    0.69 ^ stage1_x[3]$_SDFFE_PP0P_/Q (sky130_fd_sc_hd__dfxtp_1)
                                         stage1_x[3] (net)
                  0.62    0.00    0.70 ^ place39/A (sky130_fd_sc_hd__buf_4)
    24    0.09    0.26    0.39    1.08 ^ place39/X (sky130_fd_sc_hd__buf_4)
                                         net38 (net)
                  0.26    0.00    1.09 ^ _718_/B_N (sky130_fd_sc_hd__nor2b_1)
     4    0.02    0.31    0.34    1.42 ^ _718_/Y (sky130_fd_sc_hd__nor2b_1)
                                         _248_ (net)
                  0.31    0.00    1.42 ^ _719_/A2 (sky130_fd_sc_hd__a211oi_1)
     1    0.00    0.14    0.12    1.54 v _719_/Y (sky130_fd_sc_hd__a211oi_1)
                                         _249_ (net)
                  0.14    0.00    1.54 v _720_/B1 (sky130_fd_sc_hd__a21oi_1)
     1    0.00    0.12    0.15    1.70 ^ _720_/Y (sky130_fd_sc_hd__a21oi_1)
                                         _250_ (net)
                  0.12    0.00    1.70 ^ _727_/A2 (sky130_fd_sc_hd__a221oi_1)
     1    0.01    0.16    0.12    1.82 v _727_/Y (sky130_fd_sc_hd__a221oi_1)
                                         _257_ (net)
                  0.16    0.00    1.82 v _742_/A3 (sky130_fd_sc_hd__o311ai_1)
     1    0.01    0.39    0.40    2.22 ^ _742_/Y (sky130_fd_sc_hd__o311ai_1)
                                         _272_ (net)
                  0.39    0.00    2.22 ^ _743_/C1 (sky130_fd_sc_hd__o311ai_1)
     1    0.00    0.13    0.17    2.38 v _743_/Y (sky130_fd_sc_hd__o311ai_1)
                                         _006_ (net)
                  0.13    0.00    2.38 v exp_out[2]$_SDFFE_PP0P_/D (sky130_fd_sc_hd__dfxtp_1)
                                  2.38   data arrival time

                  0.00    4.50    4.50   clock clk (rise edge)
                          0.00    4.50   clock network delay (ideal)
                          0.00    4.50   clock reconvergence pessimism
                                  4.50 ^ exp_out[2]$_SDFFE_PP0P_/CLK (sky130_fd_sc_hd__dfxtp_1)
                         -0.16    4.34   library setup time
                                  4.34   data required time
-----------------------------------------------------------------------------
                                  4.34   data required time
                                 -2.38   data arrival time
-----------------------------------------------------------------------------
                                  1.96   slack (MET)



==========================================================================
detailed place report_checks -unconstrained
--------------------------------------------------------------------------
Startpoint: stage1_x[3]$_SDFFE_PP0P_
            (rising edge-triggered flip-flop clocked by clk)
Endpoint: exp_out[2]$_SDFFE_PP0P_
          (rising edge-triggered flip-flop clocked by clk)
Path Group: clk
Path Type: max

Fanout     Cap    Slew   Delay    Time   Description
-----------------------------------------------------------------------------
                  0.00    0.00    0.00   clock clk (rise edge)
                          0.00    0.00   clock network delay (ideal)
                  0.00    0.00    0.00 ^ stage1_x[3]$_SDFFE_PP0P_/CLK (sky130_fd_sc_hd__dfxtp_1)
    22    0.07    0.62    0.69    0.69 ^ stage1_x[3]$_SDFFE_PP0P_/Q (sky130_fd_sc_hd__dfxtp_1)
                                         stage1_x[3] (net)
                  0.62    0.00    0.70 ^ place39/A (sky130_fd_sc_hd__buf_4)
    24    0.09    0.26    0.39    1.08 ^ place39/X (sky130_fd_sc_hd__buf_4)
                                         net38 (net)
                  0.26    0.00    1.09 ^ _718_/B_N (sky130_fd_sc_hd__nor2b_1)
     4    0.02    0.31    0.34    1.42 ^ _718_/Y (sky130_fd_sc_hd__nor2b_1)
                                         _248_ (net)
                  0.31    0.00    1.42 ^ _719_/A2 (sky130_fd_sc_hd__a211oi_1)
     1    0.00    0.14    0.12    1.54 v _719_/Y (sky130_fd_sc_hd__a211oi_1)
                                         _249_ (net)
                  0.14    0.00    1.54 v _720_/B1 (sky130_fd_sc_hd__a21oi_1)
     1    0.00    0.12    0.15    1.70 ^ _720_/Y (sky130_fd_sc_hd__a21oi_1)
                                         _250_ (net)
                  0.12    0.00    1.70 ^ _727_/A2 (sky130_fd_sc_hd__a221oi_1)
     1    0.01    0.16    0.12    1.82 v _727_/Y (sky130_fd_sc_hd__a221oi_1)
                                         _257_ (net)
                  0.16    0.00    1.82 v _742_/A3 (sky130_fd_sc_hd__o311ai_1)
     1    0.01    0.39    0.40    2.22 ^ _742_/Y (sky130_fd_sc_hd__o311ai_1)
                                         _272_ (net)
                  0.39    0.00    2.22 ^ _743_/C1 (sky130_fd_sc_hd__o311ai_1)
     1    0.00    0.13    0.17    2.38 v _743_/Y (sky130_fd_sc_hd__o311ai_1)
                                         _006_ (net)
                  0.13    0.00    2.38 v exp_out[2]$_SDFFE_PP0P_/D (sky130_fd_sc_hd__dfxtp_1)
                                  2.38   data arrival time

                  0.00    4.50    4.50   clock clk (rise edge)
                          0.00    4.50   clock network delay (ideal)
                          0.00    4.50   clock reconvergence pessimism
                                  4.50 ^ exp_out[2]$_SDFFE_PP0P_/CLK (sky130_fd_sc_hd__dfxtp_1)
                         -0.16    4.34   library setup time
                                  4.34   data required time
-----------------------------------------------------------------------------
                                  4.34   data required time
                                 -2.38   data arrival time
-----------------------------------------------------------------------------
                                  1.96   slack (MET)



==========================================================================
detailed place report_check_types -max_slew -max_cap -max_fanout -violators
--------------------------------------------------------------------------

==========================================================================
detailed place max_slew_check_slack
--------------------------------------------------------------------------
0.7213069796562195

==========================================================================
detailed place max_slew_check_limit
--------------------------------------------------------------------------
1.5

==========================================================================
detailed place max_slew_check_slack_limit
--------------------------------------------------------------------------
0.4809

==========================================================================
detailed place max_fanout_check_slack
--------------------------------------------------------------------------
1.0000000150474662e+30

==========================================================================
detailed place max_fanout_check_limit
--------------------------------------------------------------------------
1.0000000150474662e+30

==========================================================================
detailed place max_capacitance_check_slack
--------------------------------------------------------------------------
0.01765497960150242

==========================================================================
detailed place max_capacitance_check_limit
--------------------------------------------------------------------------
0.021067000925540924

==========================================================================
detailed place max_capacitance_check_slack_limit
--------------------------------------------------------------------------
0.8380

==========================================================================
detailed place max_slew_violation_count
--------------------------------------------------------------------------
max slew violation count 0

==========================================================================
detailed place max_fanout_violation_count
--------------------------------------------------------------------------
max fanout violation count 0

==========================================================================
detailed place max_cap_violation_count
--------------------------------------------------------------------------
max cap violation count 0

==========================================================================
detailed place setup_violation_count
--------------------------------------------------------------------------
setup violation count 0

==========================================================================
detailed place hold_violation_count
--------------------------------------------------------------------------
hold violation count 0

==========================================================================
detailed place report_checks -path_delay max reg to reg
--------------------------------------------------------------------------
Startpoint: stage1_x[3]$_SDFFE_PP0P_
            (rising edge-triggered flip-flop clocked by clk)
Endpoint: exp_out[2]$_SDFFE_PP0P_
          (rising edge-triggered flip-flop clocked by clk)
Path Group: clk
Path Type: max

  Delay    Time   Description
---------------------------------------------------------
   0.00    0.00   clock clk (rise edge)
   0.00    0.00   clock network delay (ideal)
   0.00    0.00 ^ stage1_x[3]$_SDFFE_PP0P_/CLK (sky130_fd_sc_hd__dfxtp_1)
   0.69    0.69 ^ stage1_x[3]$_SDFFE_PP0P_/Q (sky130_fd_sc_hd__dfxtp_1)
   0.39    1.08 ^ place39/X (sky130_fd_sc_hd__buf_4)
   0.34    1.42 ^ _718_/Y (sky130_fd_sc_hd__nor2b_1)
   0.12    1.54 v _719_/Y (sky130_fd_sc_hd__a211oi_1)
   0.15    1.70 ^ _720_/Y (sky130_fd_sc_hd__a21oi_1)
   0.12    1.82 v _727_/Y (sky130_fd_sc_hd__a221oi_1)
   0.40    2.22 ^ _742_/Y (sky130_fd_sc_hd__o311ai_1)
   0.17    2.38 v _743_/Y (sky130_fd_sc_hd__o311ai_1)
   0.00    2.38 v exp_out[2]$_SDFFE_PP0P_/D (sky130_fd_sc_hd__dfxtp_1)
           2.38   data arrival time

   4.50    4.50   clock clk (rise edge)
   0.00    4.50   clock network delay (ideal)
   0.00    4.50   clock reconvergence pessimism
           4.50 ^ exp_out[2]$_SDFFE_PP0P_/CLK (sky130_fd_sc_hd__dfxtp_1)
  -0.16    4.34   library setup time
           4.34   data required time
---------------------------------------------------------
           4.34   data required time
          -2.38   data arrival time
---------------------------------------------------------
           1.96   slack (MET)



==========================================================================
detailed place report_checks -path_delay min reg to reg
--------------------------------------------------------------------------
Startpoint: exp_out[6]$_SDFFE_PP0P_
            (rising edge-triggered flip-flop clocked by clk)
Endpoint: exp_out[6]$_SDFFE_PP0P_
          (rising edge-triggered flip-flop clocked by clk)
Path Group: clk
Path Type: min

  Delay    Time   Description
---------------------------------------------------------
   0.00    0.00   clock clk (rise edge)
   0.00    0.00   clock network delay (ideal)
   0.00    0.00 ^ exp_out[6]$_SDFFE_PP0P_/CLK (sky130_fd_sc_hd__dfxtp_1)
   0.29    0.29 v exp_out[6]$_SDFFE_PP0P_/Q (sky130_fd_sc_hd__dfxtp_1)
   0.06    0.35 ^ _490_/Y (sky130_fd_sc_hd__nand2b_1)
   0.05    0.40 v _520_/Y (sky130_fd_sc_hd__a21oi_1)
   0.00    0.40 v exp_out[6]$_SDFFE_PP0P_/D (sky130_fd_sc_hd__dfxtp_1)
           0.40   data arrival time

   0.00    0.00   clock clk (rise edge)
   0.00    0.00   clock network delay (ideal)
   0.00    0.00   clock reconvergence pessimism
           0.00 ^ exp_out[6]$_SDFFE_PP0P_/CLK (sky130_fd_sc_hd__dfxtp_1)
  -0.06   -0.06   library hold time
          -0.06   data required time
---------------------------------------------------------
          -0.06   data required time
          -0.40   data arrival time
---------------------------------------------------------
           0.46   slack (MET)



==========================================================================
detailed place critical path target clock latency max path
--------------------------------------------------------------------------
0.0000

==========================================================================
detailed place critical path target clock latency min path
--------------------------------------------------------------------------
0.0000

==========================================================================
detailed place critical path source clock latency min path
--------------------------------------------------------------------------
0.0000

==========================================================================
detailed place critical path delay
--------------------------------------------------------------------------
2.3848

==========================================================================
detailed place critical path slack
--------------------------------------------------------------------------
1.9554

==========================================================================
detailed place slack div critical path delay
--------------------------------------------------------------------------
81.994297

==========================================================================
detailed place report_power
--------------------------------------------------------------------------
Group                  Internal  Switching    Leakage      Total
                          Power      Power      Power      Power (Watts)
----------------------------------------------------------------
Sequential             1.82e-04   2.27e-05   1.57e-10   2.05e-04  43.3%
Combinational          1.07e-04   1.61e-04   8.40e-10   2.68e-04  56.7%
Clock                  0.00e+00   0.00e+00   0.00e+00   0.00e+00   0.0%
Macro                  0.00e+00   0.00e+00   0.00e+00   0.00e+00   0.0%
Pad                    0.00e+00   0.00e+00   0.00e+00   0.00e+00   0.0%
----------------------------------------------------------------
Total                  2.89e-04   1.84e-04   9.96e-10   4.73e-04 100.0%
                          61.1%      38.9%       0.0%
