
==========================================================================
global place report_tns
--------------------------------------------------------------------------
tns max 0.00

==========================================================================
global place report_wns
--------------------------------------------------------------------------
wns max 0.00

==========================================================================
global place report_worst_slack
--------------------------------------------------------------------------
worst slack max 1.91

==========================================================================
global place report_clock_min_period
--------------------------------------------------------------------------
clk period_min = 2.59 fmax = 386.53

==========================================================================
global place report_checks -path_delay min
--------------------------------------------------------------------------
Startpoint: exp_out[6]$_SDFFE_PP0P_
            (rising edge-triggered flip-flop clocked by clk)
Endpoint: exp_out[6]$_SDFFE_PP0P_
          (rising edge-triggered flip-flop clocked by clk)
Path Group: clk
Path Type: min

Fanout     Cap    Slew   Delay    Time   Description
-----------------------------------------------------------------------------
                  0.00    0.00    0.00   clock clk (rise edge)
                          0.00    0.00   clock network delay (ideal)
                  0.00    0.00    0.00 ^ exp_out[6]$_SDFFE_PP0P_/CLK (sky130_fd_sc_hd__dfxtp_1)
     2    0.00    0.04    0.28    0.28 v exp_out[6]$_SDFFE_PP0P_/Q (sky130_fd_sc_hd__dfxtp_1)
                                         net22 (net)
                  0.04    0.00    0.28 v _490_/B (sky130_fd_sc_hd__nand2b_1)
     1    0.00    0.05    0.06    0.35 ^ _490_/Y (sky130_fd_sc_hd__nand2b_1)
                                         _024_ (net)
                  0.05    0.00    0.35 ^ _520_/A1 (sky130_fd_sc_hd__a21oi_1)
     1    0.00    0.04    0.05    0.40 v _520_/Y (sky130_fd_sc_hd__a21oi_1)
                                         _002_ (net)
                  0.04    0.00    0.40 v exp_out[6]$_SDFFE_PP0P_/D (sky130_fd_sc_hd__dfxtp_1)
                                  0.40   data arrival time

                  0.00    0.00    0.00   clock clk (rise edge)
                          0.00    0.00   clock network delay (ideal)
                          0.00    0.00   clock reconvergence pessimism
                                  0.00 ^ exp_out[6]$_SDFFE_PP0P_/CLK (sky130_fd_sc_hd__dfxtp_1)
                         -0.06   -0.06   library hold time
                                 -0.06   data required time
-----------------------------------------------------------------------------
                                 -0.06   data required time
                                 -0.40   data arrival time
-----------------------------------------------------------------------------
                                  0.46   slack (MET)



==========================================================================
global place report_checks -path_delay max
--------------------------------------------------------------------------
Startpoint: stage1_x[3]$_SDFFE_PP0P_
            (rising edge-triggered flip-flop clocked by clk)
Endpoint: exp_out[2]$_SDFFE_PP0P_
          (rising edge-triggered flip-flop clocked by clk)
Path Group: clk
Path Type: max

Fanout     Cap    Slew   Delay    Time   Description
-----------------------------------------------------------------------------
                  0.00    0.00    0.00   clock clk (rise edge)
                          0.00    0.00   clock network delay (ideal)
                  0.00    0.00    0.00 ^ stage1_x[3]$_SDFFE_PP0P_/CLK (sky130_fd_sc_hd__dfxtp_1)
    22    0.07    0.62    0.70    0.70 ^ stage1_x[3]$_SDFFE_PP0P_/Q (sky130_fd_sc_hd__dfxtp_1)
                                         stage1_x[3] (net)
                  0.62    0.00    0.70 ^ place39/A (sky130_fd_sc_hd__buf_4)
    24    0.10    0.27    0.40    1.09 ^ place39/X (sky130_fd_sc_hd__buf_4)
                                         net38 (net)
                  0.27    0.00    1.10 ^ _718_/B_N (sky130_fd_sc_hd__nor2b_1)
     4    0.02    0.34    0.36    1.46 ^ _718_/Y (sky130_fd_sc_hd__nor2b_1)
                                         _248_ (net)
                  0.34    0.00    1.46 ^ _719_/A2 (sky130_fd_sc_hd__a211oi_1)
     1    0.00    0.15    0.13    1.58 v _719_/Y (sky130_fd_sc_hd__a211oi_1)
                                         _249_ (net)
                  0.15    0.00    1.58 v _720_/B1 (sky130_fd_sc_hd__a21oi_1)
     1    0.00    0.11    0.15    1.74 ^ _720_/Y (sky130_fd_sc_hd__a21oi_1)
                                         _250_ (net)
                  0.11    0.00    1.74 ^ _727_/A2 (sky130_fd_sc_hd__a221oi_1)
     1    0.01    0.17    0.13    1.86 v _727_/Y (sky130_fd_sc_hd__a221oi_1)
                                         _257_ (net)
                  0.17    0.00    1.87 v _742_/A3 (sky130_fd_sc_hd__o311ai_1)
     1    0.01    0.40    0.41    2.27 ^ _742_/Y (sky130_fd_sc_hd__o311ai_1)
                                         _272_ (net)
                  0.40    0.00    2.27 ^ _743_/C1 (sky130_fd_sc_hd__o311ai_1)
     1    0.00    0.12    0.16    2.43 v _743_/Y (sky130_fd_sc_hd__o311ai_1)
                                         _006_ (net)
                  0.12    0.00    2.43 v exp_out[2]$_SDFFE_PP0P_/D (sky130_fd_sc_hd__dfxtp_1)
                                  2.43   data arrival time

                  0.00    4.50    4.50   clock clk (rise edge)
                          0.00    4.50   clock network delay (ideal)
                          0.00    4.50   clock reconvergence pessimism
                                  4.50 ^ exp_out[2]$_SDFFE_PP0P_/CLK (sky130_fd_sc_hd__dfxtp_1)
                         -0.16    4.34   library setup time
                                  4.34   data required time
-----------------------------------------------------------------------------
                                  4.34   data required time
                                 -2.43   data arrival time
-----------------------------------------------------------------------------
                                  1.91   slack (MET)



==========================================================================
global place report_checks -unconstrained
--------------------------------------------------------------------------
Startpoint: stage1_x[3]$_SDFFE_PP0P_
            (rising edge-triggered flip-flop clocked by clk)
Endpoint: exp_out[2]$_SDFFE_PP0P_
          (rising edge-triggered flip-flop clocked by clk)
Path Group: clk
Path Type: max

Fanout     Cap    Slew   Delay    Time   Description
-----------------------------------------------------------------------------
                  0.00    0.00    0.00   clock clk (rise edge)
                          0.00    0.00   clock network delay (ideal)
                  0.00    0.00    0.00 ^ stage1_x[3]$_SDFFE_PP0P_/CLK (sky130_fd_sc_hd__dfxtp_1)
    22    0.07    0.62    0.70    0.70 ^ stage1_x[3]$_SDFFE_PP0P_/Q (sky130_fd_sc_hd__dfxtp_1)
                                         stage1_x[3] (net)
                  0.62    0.00    0.70 ^ place39/A (sky130_fd_sc_hd__buf_4)
    24    0.10    0.27    0.40    1.09 ^ place39/X (sky130_fd_sc_hd__buf_4)
                                         net38 (net)
                  0.27    0.00    1.10 ^ _718_/B_N (sky130_fd_sc_hd__nor2b_1)
     4    0.02    0.34    0.36    1.46 ^ _718_/Y (sky130_fd_sc_hd__nor2b_1)
                                         _248_ (net)
                  0.34    0.00    1.46 ^ _719_/A2 (sky130_fd_sc_hd__a211oi_1)
     1    0.00    0.15    0.13    1.58 v _719_/Y (sky130_fd_sc_hd__a211oi_1)
                                         _249_ (net)
                  0.15    0.00    1.58 v _720_/B1 (sky130_fd_sc_hd__a21oi_1)
     1    0.00    0.11    0.15    1.74 ^ _720_/Y (sky130_fd_sc_hd__a21oi_1)
                                         _250_ (net)
                  0.11    0.00    1.74 ^ _727_/A2 (sky130_fd_sc_hd__a221oi_1)
     1    0.01    0.17    0.13    1.86 v _727_/Y (sky130_fd_sc_hd__a221oi_1)
                                         _257_ (net)
                  0.17    0.00    1.87 v _742_/A3 (sky130_fd_sc_hd__o311ai_1)
     1    0.01    0.40    0.41    2.27 ^ _742_/Y (sky130_fd_sc_hd__o311ai_1)
                                         _272_ (net)
                  0.40    0.00    2.27 ^ _743_/C1 (sky130_fd_sc_hd__o311ai_1)
     1    0.00    0.12    0.16    2.43 v _743_/Y (sky130_fd_sc_hd__o311ai_1)
                                         _006_ (net)
                  0.12    0.00    2.43 v exp_out[2]$_SDFFE_PP0P_/D (sky130_fd_sc_hd__dfxtp_1)
                                  2.43   data arrival time

                  0.00    4.50    4.50   clock clk (rise edge)
                          0.00    4.50   clock network delay (ideal)
                          0.00    4.50   clock reconvergence pessimism
                                  4.50 ^ exp_out[2]$_SDFFE_PP0P_/CLK (sky130_fd_sc_hd__dfxtp_1)
                         -0.16    4.34   library setup time
                                  4.34   data required time
-----------------------------------------------------------------------------
                                  4.34   data required time
                                 -2.43   data arrival time
-----------------------------------------------------------------------------
                                  1.91   slack (MET)



==========================================================================
global place report_power
--------------------------------------------------------------------------
Group                  Internal  Switching    Leakage      Total
                          Power      Power      Power      Power (Watts)
----------------------------------------------------------------
Sequential             1.82e-04   2.30e-05   1.57e-10   2.05e-04  42.9%
Combinational          1.07e-04   1.66e-04   8.40e-10   2.73e-04  57.1%
Clock                  0.00e+00   0.00e+00   0.00e+00   0.00e+00   0.0%
Macro                  0.00e+00   0.00e+00   0.00e+00   0.00e+00   0.0%
Pad                    0.00e+00   0.00e+00   0.00e+00   0.00e+00   0.0%
----------------------------------------------------------------
Total                  2.89e-04   1.89e-04   9.96e-10   4.78e-04 100.0%
                          60.5%      39.5%       0.0%
