
==========================================================================
cts final report_tns
--------------------------------------------------------------------------
tns max 0.00

==========================================================================
cts final report_wns
--------------------------------------------------------------------------
wns max 0.00

==========================================================================
cts final report_worst_slack
--------------------------------------------------------------------------
worst slack max 1.92

==========================================================================
cts final report_clock_min_period
--------------------------------------------------------------------------
clk period_min = 2.58 fmax = 388.00

==========================================================================
cts final report_clock_skew
--------------------------------------------------------------------------
Clock clk
   0.27 source latency stage1_x[5]$_SDFFE_PP0P_/CLK ^
  -0.26 target latency exp_out[1]$_SDFFE_PP0P_/CLK ^
   0.00 CRPR
--------------
   0.01 setup skew


==========================================================================
cts final report_checks -path_delay min
--------------------------------------------------------------------------
Startpoint: exp_out[6]$_SDFFE_PP0P_
            (rising edge-triggered flip-flop clocked by clk)
Endpoint: exp_out[6]$_SDFFE_PP0P_
          (rising edge-triggered flip-flop clocked by clk)
Path Group: clk
Path Type: min

Fanout     Cap    Slew   Delay    Time   Description
-----------------------------------------------------------------------------
                          0.00    0.00   clock clk (rise edge)
                          0.00    0.00   clock source latency
     1    0.02    0.00    0.00    0.00 ^ clk (in)
                                         clk (net)
                  0.00    0.00    0.00 ^ clkbuf_0_clk/A (sky130_fd_sc_hd__clkbuf_8)
     2    0.01    0.04    0.11    0.11 ^ clkbuf_0_clk/X (sky130_fd_sc_hd__clkbuf_8)
                                         clknet_0_clk (net)
                  0.04    0.00    0.11 ^ clkbuf_1_1__f_clk/A (sky130_fd_sc_hd__clkbuf_8)
     8    0.04    0.09    0.16    0.26 ^ clkbuf_1_1__f_clk/X (sky130_fd_sc_hd__clkbuf_8)
                                         clknet_1_1__leaf_clk (net)
                  0.09    0.00    0.27 ^ exp_out[6]$_SDFFE_PP0P_/CLK (sky130_fd_sc_hd__dfxtp_1)
     2    0.01    0.04    0.32    0.58 v exp_out[6]$_SDFFE_PP0P_/Q (sky130_fd_sc_hd__dfxtp_1)
                                         net22 (net)
                  0.04    0.00    0.58 v _490_/B (sky130_fd_sc_hd__nand2b_1)
     1    0.00    0.05    0.06    0.65 ^ _490_/Y (sky130_fd_sc_hd__nand2b_1)
                                         _024_ (net)
                  0.05    0.00    0.65 ^ _520_/A1 (sky130_fd_sc_hd__a21oi_1)
     1    0.00    0.04    0.05    0.70 v _520_/Y (sky130_fd_sc_hd__a21oi_1)
                                         _002_ (net)
                  0.04    0.00    0.70 v exp_out[6]$_SDFFE_PP0P_/D (sky130_fd_sc_hd__dfxtp_1)
                                  0.70   data arrival time

                          0.00    0.00   clock clk (rise edge)
                          0.00    0.00   clock source latency
     1    0.02    0.00    0.00    0.00 ^ clk (in)
                                         clk (net)
                  0.00    0.00    0.00 ^ clkbuf_0_clk/A (sky130_fd_sc_hd__clkbuf_8)
     2    0.01    0.04    0.11    0.11 ^ clkbuf_0_clk/X (sky130_fd_sc_hd__clkbuf_8)
                                         clknet_0_clk (net)
                  0.04    0.00    0.11 ^ clkbuf_1_1__f_clk/A (sky130_fd_sc_hd__clkbuf_8)
     8    0.04    0.09    0.16    0.26 ^ clkbuf_1_1__f_clk/X (sky130_fd_sc_hd__clkbuf_8)
                                         clknet_1_1__leaf_clk (net)
                  0.09    0.00    0.27 ^ exp_out[6]$_SDFFE_PP0P_/CLK (sky130_fd_sc_hd__dfxtp_1)
                          0.00    0.27   clock reconvergence pessimism
                         -0.04    0.22   library hold time
                                  0.22   data required time
-----------------------------------------------------------------------------
                                  0.22   data required time
                                 -0.70   data arrival time
-----------------------------------------------------------------------------
                                  0.47   slack (MET)



==========================================================================
cts final report_checks -path_delay max
--------------------------------------------------------------------------
Startpoint: stage1_x[3]$_SDFFE_PP0P_
            (rising edge-triggered flip-flop clocked by clk)
Endpoint: exp_out[2]$_SDFFE_PP0P_
          (rising edge-triggered flip-flop clocked by clk)
Path Group: clk
Path Type: max

Fanout     Cap    Slew   Delay    Time   Description
-----------------------------------------------------------------------------
                          0.00    0.00   clock clk (rise edge)
                          0.00    0.00   clock source latency
     1    0.02    0.00    0.00    0.00 ^ clk (in)
                                         clk (net)
                  0.00    0.00    0.00 ^ clkbuf_0_clk/A (sky130_fd_sc_hd__clkbuf_8)
     2    0.01    0.04    0.11    0.11 ^ clkbuf_0_clk/X (sky130_fd_sc_hd__clkbuf_8)
                                         clknet_0_clk (net)
                  0.04    0.00    0.11 ^ clkbuf_1_0__f_clk/A (sky130_fd_sc_hd__clkbuf_8)
    12    0.05    0.09    0.16    0.27 ^ clkbuf_1_0__f_clk/X (sky130_fd_sc_hd__clkbuf_8)
                                         clknet_1_0__leaf_clk (net)
                  0.09    0.00    0.27 ^ stage1_x[3]$_SDFFE_PP0P_/CLK (sky130_fd_sc_hd__dfxtp_1)
    22    0.07    0.62    0.73    1.00 ^ stage1_x[3]$_SDFFE_PP0P_/Q (sky130_fd_sc_hd__dfxtp_1)
                                         stage1_x[3] (net)
                  0.62    0.00    1.00 ^ place39/A (sky130_fd_sc_hd__buf_4)
    24    0.09    0.26    0.39    1.39 ^ place39/X (sky130_fd_sc_hd__buf_4)
                                         net38 (net)
                  0.26    0.00    1.39 ^ _718_/B_N (sky130_fd_sc_hd__nor2b_1)
     4    0.02    0.32    0.34    1.73 ^ _718_/Y (sky130_fd_sc_hd__nor2b_1)
                                         _248_ (net)
                  0.32    0.00    1.73 ^ _719_/A2 (sky130_fd_sc_hd__a211oi_1)
     1    0.00    0.14    0.12    1.85 v _719_/Y (sky130_fd_sc_hd__a211oi_1)
                                         _249_ (net)
                  0.14    0.00    1.85 v _720_/B1 (sky130_fd_sc_hd__a21oi_1)
     1    0.00    0.12    0.15    2.01 ^ _720_/Y (sky130_fd_sc_hd__a21oi_1)
                                         _250_ (net)
                  0.12    0.00    2.01 ^ _727_/A2 (sky130_fd_sc_hd__a221oi_1)
     1    0.01    0.16    0.12    2.13 v _727_/Y (sky130_fd_sc_hd__a221oi_1)
                                         _257_ (net)
                  0.16    0.00    2.13 v _742_/A3 (sky130_fd_sc_hd__o311ai_1)
     1    0.01    0.40    0.41    2.54 ^ _742_/Y (sky130_fd_sc_hd__o311ai_1)
                                         _272_ (net)
                  0.40    0.00    2.54 ^ _743_/C1 (sky130_fd_sc_hd__o311ai_1)
     1    0.00    0.13    0.17    2.70 v _743_/Y (sky130_fd_sc_hd__o311ai_1)
                                         _006_ (net)
                  0.13    0.00    2.70 v exp_out[2]$_SDFFE_PP0P_/D (sky130_fd_sc_hd__dfxtp_1)
                                  2.70   data arrival time

                          4.50    4.50   clock clk (rise edge)
                          0.00    4.50   clock source latency
     1    0.02    0.00    0.00    4.50 ^ clk (in)
                                         clk (net)
                  0.00    0.00    4.50 ^ clkbuf_0_clk/A (sky130_fd_sc_hd__clkbuf_8)
     2    0.01    0.04    0.11    4.61 ^ clkbuf_0_clk/X (sky130_fd_sc_hd__clkbuf_8)
                                         clknet_0_clk (net)
                  0.04    0.00    4.61 ^ clkbuf_1_1__f_clk/A (sky130_fd_sc_hd__clkbuf_8)
     8    0.04    0.09    0.16    4.76 ^ clkbuf_1_1__f_clk/X (sky130_fd_sc_hd__clkbuf_8)
                                         clknet_1_1__leaf_clk (net)
                  0.09    0.00    4.77 ^ exp_out[2]$_SDFFE_PP0P_/CLK (sky130_fd_sc_hd__dfxtp_1)
                          0.00    4.77   clock reconvergence pessimism
                         -0.14    4.63   library setup time
                                  4.63   data required time
-----------------------------------------------------------------------------
                                  4.63   data required time
                                 -2.70   data arrival time
-----------------------------------------------------------------------------
                                  1.92   slack (MET)



==========================================================================
cts final report_checks -unconstrained
--------------------------------------------------------------------------
Startpoint: stage1_x[3]$_SDFFE_PP0P_
            (rising edge-triggered flip-flop clocked by clk)
Endpoint: exp_out[2]$_SDFFE_PP0P_
          (rising edge-triggered flip-flop clocked by clk)
Path Group: clk
Path Type: max

Fanout     Cap    Slew   Delay    Time   Description
-----------------------------------------------------------------------------
                          0.00    0.00   clock clk (rise edge)
                          0.00    0.00   clock source latency
     1    0.02    0.00    0.00    0.00 ^ clk (in)
                                         clk (net)
                  0.00    0.00    0.00 ^ clkbuf_0_clk/A (sky130_fd_sc_hd__clkbuf_8)
     2    0.01    0.04    0.11    0.11 ^ clkbuf_0_clk/X (sky130_fd_sc_hd__clkbuf_8)
                                         clknet_0_clk (net)
                  0.04    0.00    0.11 ^ clkbuf_1_0__f_clk/A (sky130_fd_sc_hd__clkbuf_8)
    12    0.05    0.09    0.16    0.27 ^ clkbuf_1_0__f_clk/X (sky130_fd_sc_hd__clkbuf_8)
                                         clknet_1_0__leaf_clk (net)
                  0.09    0.00    0.27 ^ stage1_x[3]$_SDFFE_PP0P_/CLK (sky130_fd_sc_hd__dfxtp_1)
    22    0.07    0.62    0.73    1.00 ^ stage1_x[3]$_SDFFE_PP0P_/Q (sky130_fd_sc_hd__dfxtp_1)
                                         stage1_x[3] (net)
                  0.62    0.00    1.00 ^ place39/A (sky130_fd_sc_hd__buf_4)
    24    0.09    0.26    0.39    1.39 ^ place39/X (sky130_fd_sc_hd__buf_4)
                                         net38 (net)
                  0.26    0.00    1.39 ^ _718_/B_N (sky130_fd_sc_hd__nor2b_1)
     4    0.02    0.32    0.34    1.73 ^ _718_/Y (sky130_fd_sc_hd__nor2b_1)
                                         _248_ (net)
                  0.32    0.00    1.73 ^ _719_/A2 (sky130_fd_sc_hd__a211oi_1)
     1    0.00    0.14    0.12    1.85 v _719_/Y (sky130_fd_sc_hd__a211oi_1)
                                         _249_ (net)
                  0.14    0.00    1.85 v _720_/B1 (sky130_fd_sc_hd__a21oi_1)
     1    0.00    0.12    0.15    2.01 ^ _720_/Y (sky130_fd_sc_hd__a21oi_1)
                                         _250_ (net)
                  0.12    0.00    2.01 ^ _727_/A2 (sky130_fd_sc_hd__a221oi_1)
     1    0.01    0.16    0.12    2.13 v _727_/Y (sky130_fd_sc_hd__a221oi_1)
                                         _257_ (net)
                  0.16    0.00    2.13 v _742_/A3 (sky130_fd_sc_hd__o311ai_1)
     1    0.01    0.40    0.41    2.54 ^ _742_/Y (sky130_fd_sc_hd__o311ai_1)
                                         _272_ (net)
                  0.40    0.00    2.54 ^ _743_/C1 (sky130_fd_sc_hd__o311ai_1)
     1    0.00    0.13    0.17    2.70 v _743_/Y (sky130_fd_sc_hd__o311ai_1)
                                         _006_ (net)
                  0.13    0.00    2.70 v exp_out[2]$_SDFFE_PP0P_/D (sky130_fd_sc_hd__dfxtp_1)
                                  2.70   data arrival time

                          4.50    4.50   clock clk (rise edge)
                          0.00    4.50   clock source latency
     1    0.02    0.00    0.00    4.50 ^ clk (in)
                                         clk (net)
                  0.00    0.00    4.50 ^ clkbuf_0_clk/A (sky130_fd_sc_hd__clkbuf_8)
     2    0.01    0.04    0.11    4.61 ^ clkbuf_0_clk/X (sky130_fd_sc_hd__clkbuf_8)
                                         clknet_0_clk (net)
                  0.04    0.00    4.61 ^ clkbuf_1_1__f_clk/A (sky130_fd_sc_hd__clkbuf_8)
     8    0.04    0.09    0.16    4.76 ^ clkbuf_1_1__f_clk/X (sky130_fd_sc_hd__clkbuf_8)
                                         clknet_1_1__leaf_clk (net)
                  0.09    0.00    4.77 ^ exp_out[2]$_SDFFE_PP0P_/CLK (sky130_fd_sc_hd__dfxtp_1)
                          0.00    4.77   clock reconvergence pessimism
                         -0.14    4.63   library setup time
                                  4.63   data required time
-----------------------------------------------------------------------------
                                  4.63   data required time
                                 -2.70   data arrival time
-----------------------------------------------------------------------------
                                  1.92   slack (MET)



==========================================================================
cts final report_check_types -max_slew -max_cap -max_fanout -violators
--------------------------------------------------------------------------

==========================================================================
cts final max_slew_check_slack
--------------------------------------------------------------------------
0.7199395298957825

==========================================================================
cts final max_slew_check_limit
--------------------------------------------------------------------------
1.5

==========================================================================
cts final max_slew_check_slack_limit
--------------------------------------------------------------------------
0.4800

==========================================================================
cts final max_fanout_check_slack
--------------------------------------------------------------------------
1.0000000150474662e+30

==========================================================================
cts final max_fanout_check_limit
--------------------------------------------------------------------------
1.0000000150474662e+30

==========================================================================
cts final max_capacitance_check_slack
--------------------------------------------------------------------------
0.017490016296505928

==========================================================================
cts final max_capacitance_check_limit
--------------------------------------------------------------------------
0.021067000925540924

==========================================================================
cts final max_capacitance_check_slack_limit
--------------------------------------------------------------------------
0.8302

==========================================================================
cts final max_slew_violation_count
--------------------------------------------------------------------------
max slew violation count 0

==========================================================================
cts final max_fanout_violation_count
--------------------------------------------------------------------------
max fanout violation count 0

==========================================================================
cts final max_cap_violation_count
--------------------------------------------------------------------------
max cap violation count 0

==========================================================================
cts final setup_violation_count
--------------------------------------------------------------------------
setup violation count 0

==========================================================================
cts final hold_violation_count
--------------------------------------------------------------------------
hold violation count 0

==========================================================================
cts final report_checks -path_delay max reg to reg
--------------------------------------------------------------------------
Startpoint: stage1_x[3]$_SDFFE_PP0P_
            (rising edge-triggered flip-flop clocked by clk)
Endpoint: exp_out[2]$_SDFFE_PP0P_
          (rising edge-triggered flip-flop clocked by clk)
Path Group: clk
Path Type: max

  Delay    Time   Description
---------------------------------------------------------
   0.00    0.00   clock clk (rise edge)
   0.00    0.00   clock source latency
   0.00    0.00 ^ clk (in)
   0.11    0.11 ^ clkbuf_0_clk/X (sky130_fd_sc_hd__clkbuf_8)
   0.17    0.27 ^ clkbuf_1_0__f_clk/X (sky130_fd_sc_hd__clkbuf_8)
   0.00    0.27 ^ stage1_x[3]$_SDFFE_PP0P_/CLK (sky130_fd_sc_hd__dfxtp_1)
   0.73    1.00 ^ stage1_x[3]$_SDFFE_PP0P_/Q (sky130_fd_sc_hd__dfxtp_1)
   0.39    1.39 ^ place39/X (sky130_fd_sc_hd__buf_4)
   0.34    1.73 ^ _718_/Y (sky130_fd_sc_hd__nor2b_1)
   0.12    1.85 v _719_/Y (sky130_fd_sc_hd__a211oi_1)
   0.15    2.01 ^ _720_/Y (sky130_fd_sc_hd__a21oi_1)
   0.12    2.13 v _727_/Y (sky130_fd_sc_hd__a221oi_1)
   0.41    2.54 ^ _742_/Y (sky130_fd_sc_hd__o311ai_1)
   0.17    2.70 v _743_/Y (sky130_fd_sc_hd__o311ai_1)
   0.00    2.70 v exp_out[2]$_SDFFE_PP0P_/D (sky130_fd_sc_hd__dfxtp_1)
           2.70   data arrival time

   4.50    4.50   clock clk (rise edge)
   0.00    4.50   clock source latency
   0.00    4.50 ^ clk (in)
   0.11    4.61 ^ clkbuf_0_clk/X (sky130_fd_sc_hd__clkbuf_8)
   0.16    4.76 ^ clkbuf_1_1__f_clk/X (sky130_fd_sc_hd__clkbuf_8)
   0.00    4.77 ^ exp_out[2]$_SDFFE_PP0P_/CLK (sky130_fd_sc_hd__dfxtp_1)
   0.00    4.77   clock reconvergence pessimism
  -0.14    4.63   library setup time
           4.63   data required time
---------------------------------------------------------
           4.63   data required time
          -2.70   data arrival time
---------------------------------------------------------
           1.92   slack (MET)



==========================================================================
cts final report_checks -path_delay min reg to reg
--------------------------------------------------------------------------
Startpoint: exp_out[6]$_SDFFE_PP0P_
            (rising edge-triggered flip-flop clocked by clk)
Endpoint: exp_out[6]$_SDFFE_PP0P_
          (rising edge-triggered flip-flop clocked by clk)
Path Group: clk
Path Type: min

  Delay    Time   Description
---------------------------------------------------------
   0.00    0.00   clock clk (rise edge)
   0.00    0.00   clock source latency
   0.00    0.00 ^ clk (in)
   0.11    0.11 ^ clkbuf_0_clk/X (sky130_fd_sc_hd__clkbuf_8)
   0.16    0.26 ^ clkbuf_1_1__f_clk/X (sky130_fd_sc_hd__clkbuf_8)
   0.00    0.27 ^ exp_out[6]$_SDFFE_PP0P_/CLK (sky130_fd_sc_hd__dfxtp_1)
   0.32    0.58 v exp_out[6]$_SDFFE_PP0P_/Q (sky130_fd_sc_hd__dfxtp_1)
   0.06    0.65 ^ _490_/Y (sky130_fd_sc_hd__nand2b_1)
   0.05    0.70 v _520_/Y (sky130_fd_sc_hd__a21oi_1)
   0.00    0.70 v exp_out[6]$_SDFFE_PP0P_/D (sky130_fd_sc_hd__dfxtp_1)
           0.70   data arrival time

   0.00    0.00   clock clk (rise edge)
   0.00    0.00   clock source latency
   0.00    0.00 ^ clk (in)
   0.11    0.11 ^ clkbuf_0_clk/X (sky130_fd_sc_hd__clkbuf_8)
   0.16    0.26 ^ clkbuf_1_1__f_clk/X (sky130_fd_sc_hd__clkbuf_8)
   0.00    0.27 ^ exp_out[6]$_SDFFE_PP0P_/CLK (sky130_fd_sc_hd__dfxtp_1)
   0.00    0.27   clock reconvergence pessimism
  -0.04    0.22   library hold time
           0.22   data required time
---------------------------------------------------------
           0.22   data required time
          -0.70   data arrival time
---------------------------------------------------------
           0.47   slack (MET)



==========================================================================
cts final critical path target clock latency max path
--------------------------------------------------------------------------
0.2652

==========================================================================
cts final critical path target clock latency min path
--------------------------------------------------------------------------
0.2723

==========================================================================
cts final critical path source clock latency min path
--------------------------------------------------------------------------
0.0000

==========================================================================
cts final critical path delay
--------------------------------------------------------------------------
2.7040

==========================================================================
cts final critical path slack
--------------------------------------------------------------------------
1.9227

==========================================================================
cts final slack div critical path delay
--------------------------------------------------------------------------
71.105769

==========================================================================
cts final report_power
--------------------------------------------------------------------------
Group                  Internal  Switching    Leakage      Total
                          Power      Power      Power      Power (Watts)
----------------------------------------------------------------
Sequential             1.78e-04   2.28e-05   1.57e-10   2.01e-04  33.1%
Combinational          1.07e-04   1.62e-04   8.40e-10   2.69e-04  44.3%
Clock                  6.28e-05   7.46e-05   2.17e-11   1.37e-04  22.6%
Macro                  0.00e+00   0.00e+00   0.00e+00   0.00e+00   0.0%
Pad                    0.00e+00   0.00e+00   0.00e+00   0.00e+00   0.0%
----------------------------------------------------------------
Total                  3.48e-04   2.60e-04   1.02e-09   6.08e-04 100.0%
                          57.3%      42.7%       0.0%
