
==========================================================================
finish report_tns
--------------------------------------------------------------------------
tns max 0.00

==========================================================================
finish report_wns
--------------------------------------------------------------------------
wns max 0.00

==========================================================================
finish report_worst_slack
--------------------------------------------------------------------------
worst slack max 1.85

==========================================================================
finish report_clock_min_period
--------------------------------------------------------------------------
clk period_min = 2.65 fmax = 377.19

==========================================================================
finish report_clock_skew
--------------------------------------------------------------------------
Clock clk
   0.27 source latency stage1_x[1]$_SDFFE_PP0P_/CLK ^
  -0.26 target latency exp_out[7]$_SDFFE_PP0P_/CLK ^
   0.00 CRPR
--------------
   0.00 setup skew


==========================================================================
finish report_checks -path_delay min
--------------------------------------------------------------------------
Startpoint: exp_out[6]$_SDFFE_PP0P_
            (rising edge-triggered flip-flop clocked by clk)
Endpoint: exp_out[6]$_SDFFE_PP0P_
          (rising edge-triggered flip-flop clocked by clk)
Path Group: clk
Path Type: min

Fanout     Cap    Slew   Delay    Time   Description
-----------------------------------------------------------------------------
                          0.00    0.00   clock clk (rise edge)
                          0.00    0.00   clock source latency
     1    0.01    0.00    0.00    0.00 ^ clk (in)
                                         clk (net)
                  0.00    0.00    0.00 ^ clkbuf_0_clk/A (sky130_fd_sc_hd__clkbuf_8)
     2    0.01    0.04    0.11    0.11 ^ clkbuf_0_clk/X (sky130_fd_sc_hd__clkbuf_8)
                                         clknet_0_clk (net)
                  0.04    0.00    0.11 ^ clkbuf_1_1__f_clk/A (sky130_fd_sc_hd__clkbuf_8)
     8    0.04    0.08    0.15    0.26 ^ clkbuf_1_1__f_clk/X (sky130_fd_sc_hd__clkbuf_8)
                                         clknet_1_1__leaf_clk (net)
                  0.08    0.00    0.26 ^ exp_out[6]$_SDFFE_PP0P_/CLK (sky130_fd_sc_hd__dfxtp_1)
     2    0.01    0.04    0.32    0.58 v exp_out[6]$_SDFFE_PP0P_/Q (sky130_fd_sc_hd__dfxtp_1)
                                         net22 (net)
                  0.04    0.00    0.58 v _490_/B (sky130_fd_sc_hd__nand2b_1)
     1    0.00    0.05    0.06    0.64 ^ _490_/Y (sky130_fd_sc_hd__nand2b_1)
                                         _024_ (net)
                  0.05    0.00    0.64 ^ _520_/A1 (sky130_fd_sc_hd__a21oi_1)
     1    0.00    0.04    0.05    0.70 v _520_/Y (sky130_fd_sc_hd__a21oi_1)
                                         _002_ (net)
                  0.04    0.00    0.70 v exp_out[6]$_SDFFE_PP0P_/D (sky130_fd_sc_hd__dfxtp_1)
                                  0.70   data arrival time

                          0.00    0.00   clock clk (rise edge)
                          0.00    0.00   clock source latency
     1    0.01    0.00    0.00    0.00 ^ clk (in)
                                         clk (net)
                  0.00    0.00    0.00 ^ clkbuf_0_clk/A (sky130_fd_sc_hd__clkbuf_8)
     2    0.01    0.04    0.11    0.11 ^ clkbuf_0_clk/X (sky130_fd_sc_hd__clkbuf_8)
                                         clknet_0_clk (net)
                  0.04    0.00    0.11 ^ clkbuf_1_1__f_clk/A (sky130_fd_sc_hd__clkbuf_8)
     8    0.04    0.08    0.15    0.26 ^ clkbuf_1_1__f_clk/X (sky130_fd_sc_hd__clkbuf_8)
                                         clknet_1_1__leaf_clk (net)
                  0.08    0.00    0.26 ^ exp_out[6]$_SDFFE_PP0P_/CLK (sky130_fd_sc_hd__dfxtp_1)
                          0.00    0.26   clock reconvergence pessimism
                         -0.04    0.22   library hold time
                                  0.22   data required time
-----------------------------------------------------------------------------
                                  0.22   data required time
                                 -0.70   data arrival time
-----------------------------------------------------------------------------
                                  0.48   slack (MET)



==========================================================================
finish report_checks -path_delay max
--------------------------------------------------------------------------
Startpoint: stage1_x[3]$_SDFFE_PP0P_
            (rising edge-triggered flip-flop clocked by clk)
Endpoint: exp_out[2]$_SDFFE_PP0P_
          (rising edge-triggered flip-flop clocked by clk)
Path Group: clk
Path Type: max

Fanout     Cap    Slew   Delay    Time   Description
-----------------------------------------------------------------------------
                          0.00    0.00   clock clk (rise edge)
                          0.00    0.00   clock source latency
     1    0.01    0.00    0.00    0.00 ^ clk (in)
                                         clk (net)
                  0.00    0.00    0.00 ^ clkbuf_0_clk/A (sky130_fd_sc_hd__clkbuf_8)
     2    0.01    0.04    0.11    0.11 ^ clkbuf_0_clk/X (sky130_fd_sc_hd__clkbuf_8)
                                         clknet_0_clk (net)
                  0.04    0.00    0.11 ^ clkbuf_1_0__f_clk/A (sky130_fd_sc_hd__clkbuf_8)
    12    0.04    0.09    0.16    0.26 ^ clkbuf_1_0__f_clk/X (sky130_fd_sc_hd__clkbuf_8)
                                         clknet_1_0__leaf_clk (net)
                  0.09    0.00    0.26 ^ stage1_x[3]$_SDFFE_PP0P_/CLK (sky130_fd_sc_hd__dfxtp_1)
    22    0.07    0.66    0.75    1.01 ^ stage1_x[3]$_SDFFE_PP0P_/Q (sky130_fd_sc_hd__dfxtp_1)
                                         stage1_x[3] (net)
                  0.66    0.00    1.02 ^ place39/A (sky130_fd_sc_hd__buf_4)
    24    0.10    0.28    0.41    1.42 ^ place39/X (sky130_fd_sc_hd__buf_4)
                                         net38 (net)
                  0.28    0.01    1.43 ^ _718_/B_N (sky130_fd_sc_hd__nor2b_1)
     4    0.02    0.34    0.36    1.79 ^ _718_/Y (sky130_fd_sc_hd__nor2b_1)
                                         _248_ (net)
                  0.34    0.00    1.79 ^ _719_/A2 (sky130_fd_sc_hd__a211oi_1)
     1    0.00    0.15    0.12    1.91 v _719_/Y (sky130_fd_sc_hd__a211oi_1)
                                         _249_ (net)
                  0.15    0.00    1.91 v _720_/B1 (sky130_fd_sc_hd__a21oi_1)
     1    0.00    0.12    0.16    2.07 ^ _720_/Y (sky130_fd_sc_hd__a21oi_1)
                                         _250_ (net)
                  0.12    0.00    2.07 ^ _727_/A2 (sky130_fd_sc_hd__a221oi_1)
     1    0.01    0.17    0.12    2.19 v _727_/Y (sky130_fd_sc_hd__a221oi_1)
                                         _257_ (net)
                  0.17    0.00    2.19 v _742_/A3 (sky130_fd_sc_hd__o311ai_1)
     1    0.01    0.41    0.42    2.61 ^ _742_/Y (sky130_fd_sc_hd__o311ai_1)
                                         _272_ (net)
                  0.41    0.00    2.61 ^ _743_/C1 (sky130_fd_sc_hd__o311ai_1)
     1    0.00    0.13    0.16    2.77 v _743_/Y (sky130_fd_sc_hd__o311ai_1)
                                         _006_ (net)
                  0.13    0.00    2.77 v exp_out[2]$_SDFFE_PP0P_/D (sky130_fd_sc_hd__dfxtp_1)
                                  2.77   data arrival time

                          4.50    4.50   clock clk (rise edge)
                          0.00    4.50   clock source latency
     1    0.01    0.00    0.00    4.50 ^ clk (in)
                                         clk (net)
                  0.00    0.00    4.50 ^ clkbuf_0_clk/A (sky130_fd_sc_hd__clkbuf_8)
     2    0.01    0.04    0.11    4.61 ^ clkbuf_0_clk/X (sky130_fd_sc_hd__clkbuf_8)
                                         clknet_0_clk (net)
                  0.04    0.00    4.61 ^ clkbuf_1_1__f_clk/A (sky130_fd_sc_hd__clkbuf_8)
     8    0.04    0.08    0.15    4.76 ^ clkbuf_1_1__f_clk/X (sky130_fd_sc_hd__clkbuf_8)
                                         clknet_1_1__leaf_clk (net)
                  0.08    0.00    4.76 ^ exp_out[2]$_SDFFE_PP0P_/CLK (sky130_fd_sc_hd__dfxtp_1)
                          0.00    4.76   clock reconvergence pessimism
                         -0.14    4.62   library setup time
                                  4.62   data required time
-----------------------------------------------------------------------------
                                  4.62   data required time
                                 -2.77   data arrival time
-----------------------------------------------------------------------------
                                  1.85   slack (MET)



==========================================================================
finish report_checks -unconstrained
--------------------------------------------------------------------------
Startpoint: stage1_x[3]$_SDFFE_PP0P_
            (rising edge-triggered flip-flop clocked by clk)
Endpoint: exp_out[2]$_SDFFE_PP0P_
          (rising edge-triggered flip-flop clocked by clk)
Path Group: clk
Path Type: max

Fanout     Cap    Slew   Delay    Time   Description
-----------------------------------------------------------------------------
                          0.00    0.00   clock clk (rise edge)
                          0.00    0.00   clock source latency
     1    0.01    0.00    0.00    0.00 ^ clk (in)
                                         clk (net)
                  0.00    0.00    0.00 ^ clkbuf_0_clk/A (sky130_fd_sc_hd__clkbuf_8)
     2    0.01    0.04    0.11    0.11 ^ clkbuf_0_clk/X (sky130_fd_sc_hd__clkbuf_8)
                                         clknet_0_clk (net)
                  0.04    0.00    0.11 ^ clkbuf_1_0__f_clk/A (sky130_fd_sc_hd__clkbuf_8)
    12    0.04    0.09    0.16    0.26 ^ clkbuf_1_0__f_clk/X (sky130_fd_sc_hd__clkbuf_8)
                                         clknet_1_0__leaf_clk (net)
                  0.09    0.00    0.26 ^ stage1_x[3]$_SDFFE_PP0P_/CLK (sky130_fd_sc_hd__dfxtp_1)
    22    0.07    0.66    0.75    1.01 ^ stage1_x[3]$_SDFFE_PP0P_/Q (sky130_fd_sc_hd__dfxtp_1)
                                         stage1_x[3] (net)
                  0.66    0.00    1.02 ^ place39/A (sky130_fd_sc_hd__buf_4)
    24    0.10    0.28    0.41    1.42 ^ place39/X (sky130_fd_sc_hd__buf_4)
                                         net38 (net)
                  0.28    0.01    1.43 ^ _718_/B_N (sky130_fd_sc_hd__nor2b_1)
     4    0.02    0.34    0.36    1.79 ^ _718_/Y (sky130_fd_sc_hd__nor2b_1)
                                         _248_ (net)
                  0.34    0.00    1.79 ^ _719_/A2 (sky130_fd_sc_hd__a211oi_1)
     1    0.00    0.15    0.12    1.91 v _719_/Y (sky130_fd_sc_hd__a211oi_1)
                                         _249_ (net)
                  0.15    0.00    1.91 v _720_/B1 (sky130_fd_sc_hd__a21oi_1)
     1    0.00    0.12    0.16    2.07 ^ _720_/Y (sky130_fd_sc_hd__a21oi_1)
                                         _250_ (net)
                  0.12    0.00    2.07 ^ _727_/A2 (sky130_fd_sc_hd__a221oi_1)
     1    0.01    0.17    0.12    2.19 v _727_/Y (sky130_fd_sc_hd__a221oi_1)
                                         _257_ (net)
                  0.17    0.00    2.19 v _742_/A3 (sky130_fd_sc_hd__o311ai_1)
     1    0.01    0.41    0.42    2.61 ^ _742_/Y (sky130_fd_sc_hd__o311ai_1)
                                         _272_ (net)
                  0.41    0.00    2.61 ^ _743_/C1 (sky130_fd_sc_hd__o311ai_1)
     1    0.00    0.13    0.16    2.77 v _743_/Y (sky130_fd_sc_hd__o311ai_1)
                                         _006_ (net)
                  0.13    0.00    2.77 v exp_out[2]$_SDFFE_PP0P_/D (sky130_fd_sc_hd__dfxtp_1)
                                  2.77   data arrival time

                          4.50    4.50   clock clk (rise edge)
                          0.00    4.50   clock source latency
     1    0.01    0.00    0.00    4.50 ^ clk (in)
                                         clk (net)
                  0.00    0.00    4.50 ^ clkbuf_0_clk/A (sky130_fd_sc_hd__clkbuf_8)
     2    0.01    0.04    0.11    4.61 ^ clkbuf_0_clk/X (sky130_fd_sc_hd__clkbuf_8)
                                         clknet_0_clk (net)
                  0.04    0.00    4.61 ^ clkbuf_1_1__f_clk/A (sky130_fd_sc_hd__clkbuf_8)
     8    0.04    0.08    0.15    4.76 ^ clkbuf_1_1__f_clk/X (sky130_fd_sc_hd__clkbuf_8)
                                         clknet_1_1__leaf_clk (net)
                  0.08    0.00    4.76 ^ exp_out[2]$_SDFFE_PP0P_/CLK (sky130_fd_sc_hd__dfxtp_1)
                          0.00    4.76   clock reconvergence pessimism
                         -0.14    4.62   library setup time
                                  4.62   data required time
-----------------------------------------------------------------------------
                                  4.62   data required time
                                 -2.77   data arrival time
-----------------------------------------------------------------------------
                                  1.85   slack (MET)



==========================================================================
finish report_check_types -max_slew -max_cap -max_fanout -violators
--------------------------------------------------------------------------

==========================================================================
finish max_slew_check_slack
--------------------------------------------------------------------------
0.665259838104248

==========================================================================
finish max_slew_check_limit
--------------------------------------------------------------------------
1.5

==========================================================================
finish max_slew_check_slack_limit
--------------------------------------------------------------------------
0.4435

==========================================================================
finish max_fanout_check_slack
--------------------------------------------------------------------------
1.0000000150474662e+30

==========================================================================
finish max_fanout_check_limit
--------------------------------------------------------------------------
1.0000000150474662e+30

==========================================================================
finish max_capacitance_check_slack
--------------------------------------------------------------------------
0.017333554103970528

==========================================================================
finish max_capacitance_check_limit
--------------------------------------------------------------------------
0.021067000925540924

==========================================================================
finish max_capacitance_check_slack_limit
--------------------------------------------------------------------------
0.8228

==========================================================================
finish max_slew_violation_count
--------------------------------------------------------------------------
max slew violation count 0

==========================================================================
finish max_fanout_violation_count
--------------------------------------------------------------------------
max fanout violation count 0

==========================================================================
finish max_cap_violation_count
--------------------------------------------------------------------------
max cap violation count 0

==========================================================================
finish setup_violation_count
--------------------------------------------------------------------------
setup violation count 0

==========================================================================
finish hold_violation_count
--------------------------------------------------------------------------
hold violation count 0

==========================================================================
finish report_checks -path_delay max reg to reg
--------------------------------------------------------------------------
Startpoint: stage1_x[3]$_SDFFE_PP0P_
            (rising edge-triggered flip-flop clocked by clk)
Endpoint: exp_out[2]$_SDFFE_PP0P_
          (rising edge-triggered flip-flop clocked by clk)
Path Group: clk
Path Type: max

  Delay    Time   Description
---------------------------------------------------------
   0.00    0.00   clock clk (rise edge)
   0.00    0.00   clock source latency
   0.00    0.00 ^ clk (in)
   0.11    0.11 ^ clkbuf_0_clk/X (sky130_fd_sc_hd__clkbuf_8)
   0.16    0.26 ^ clkbuf_1_0__f_clk/X (sky130_fd_sc_hd__clkbuf_8)
   0.00    0.26 ^ stage1_x[3]$_SDFFE_PP0P_/CLK (sky130_fd_sc_hd__dfxtp_1)
   0.75    1.01 ^ stage1_x[3]$_SDFFE_PP0P_/Q (sky130_fd_sc_hd__dfxtp_1)
   0.41    1.42 ^ place39/X (sky130_fd_sc_hd__buf_4)
   0.37    1.79 ^ _718_/Y (sky130_fd_sc_hd__nor2b_1)
   0.12    1.91 v _719_/Y (sky130_fd_sc_hd__a211oi_1)
   0.16    2.07 ^ _720_/Y (sky130_fd_sc_hd__a21oi_1)
   0.12    2.19 v _727_/Y (sky130_fd_sc_hd__a221oi_1)
   0.42    2.61 ^ _742_/Y (sky130_fd_sc_hd__o311ai_1)
   0.16    2.77 v _743_/Y (sky130_fd_sc_hd__o311ai_1)
   0.00    2.77 v exp_out[2]$_SDFFE_PP0P_/D (sky130_fd_sc_hd__dfxtp_1)
           2.77   data arrival time

   4.50    4.50   clock clk (rise edge)
   0.00    4.50   clock source latency
   0.00    4.50 ^ clk (in)
   0.11    4.61 ^ clkbuf_0_clk/X (sky130_fd_sc_hd__clkbuf_8)
   0.15    4.76 ^ clkbuf_1_1__f_clk/X (sky130_fd_sc_hd__clkbuf_8)
   0.00    4.76 ^ exp_out[2]$_SDFFE_PP0P_/CLK (sky130_fd_sc_hd__dfxtp_1)
   0.00    4.76   clock reconvergence pessimism
  -0.14    4.62   library setup time
           4.62   data required time
---------------------------------------------------------
           4.62   data required time
          -2.77   data arrival time
---------------------------------------------------------
           1.85   slack (MET)



==========================================================================
finish report_checks -path_delay min reg to reg
--------------------------------------------------------------------------
Startpoint: exp_out[6]$_SDFFE_PP0P_
            (rising edge-triggered flip-flop clocked by clk)
Endpoint: exp_out[6]$_SDFFE_PP0P_
          (rising edge-triggered flip-flop clocked by clk)
Path Group: clk
Path Type: min

  Delay    Time   Description
---------------------------------------------------------
   0.00    0.00   clock clk (rise edge)
   0.00    0.00   clock source latency
   0.00    0.00 ^ clk (in)
   0.11    0.11 ^ clkbuf_0_clk/X (sky130_fd_sc_hd__clkbuf_8)
   0.15    0.26 ^ clkbuf_1_1__f_clk/X (sky130_fd_sc_hd__clkbuf_8)
   0.00    0.26 ^ exp_out[6]$_SDFFE_PP0P_/CLK (sky130_fd_sc_hd__dfxtp_1)
   0.32    0.58 v exp_out[6]$_SDFFE_PP0P_/Q (sky130_fd_sc_hd__dfxtp_1)
   0.06    0.64 ^ _490_/Y (sky130_fd_sc_hd__nand2b_1)
   0.05    0.70 v _520_/Y (sky130_fd_sc_hd__a21oi_1)
   0.00    0.70 v exp_out[6]$_SDFFE_PP0P_/D (sky130_fd_sc_hd__dfxtp_1)
           0.70   data arrival time

   0.00    0.00   clock clk (rise edge)
   0.00    0.00   clock source latency
   0.00    0.00 ^ clk (in)
   0.11    0.11 ^ clkbuf_0_clk/X (sky130_fd_sc_hd__clkbuf_8)
   0.15    0.26 ^ clkbuf_1_1__f_clk/X (sky130_fd_sc_hd__clkbuf_8)
   0.00    0.26 ^ exp_out[6]$_SDFFE_PP0P_/CLK (sky130_fd_sc_hd__dfxtp_1)
   0.00    0.26   clock reconvergence pessimism
  -0.04    0.22   library hold time
           0.22   data required time
---------------------------------------------------------
           0.22   data required time
          -0.70   data arrival time
---------------------------------------------------------
           0.48   slack (MET)



==========================================================================
finish critical path target clock latency max path
--------------------------------------------------------------------------
0.2622

==========================================================================
finish critical path target clock latency min path
--------------------------------------------------------------------------
0.2655

==========================================================================
finish critical path source clock latency min path
--------------------------------------------------------------------------
0.0000

==========================================================================
finish critical path delay
--------------------------------------------------------------------------
2.7741

==========================================================================
finish critical path slack
--------------------------------------------------------------------------
1.8488

==========================================================================
finish slack div critical path delay
--------------------------------------------------------------------------
66.645038

==========================================================================
finish report_power
--------------------------------------------------------------------------
Group                  Internal  Switching    Leakage      Total
                          Power      Power      Power      Power (Watts)
----------------------------------------------------------------
Sequential             1.78e-04   2.39e-05   1.57e-10   2.02e-04  33.0%
Combinational          1.07e-04   1.71e-04   8.40e-10   2.78e-04  45.5%
Clock                  6.26e-05   6.87e-05   2.17e-11   1.31e-04  21.5%
Macro                  0.00e+00   0.00e+00   0.00e+00   0.00e+00   0.0%
Pad                    0.00e+00   0.00e+00   0.00e+00   0.00e+00   0.0%
----------------------------------------------------------------
Total                  3.48e-04   2.64e-04   1.02e-09   6.12e-04 100.0%
                          56.9%      43.1%       0.0%
